Component: ARM Compiler 5.06 update 7 for Certification (build 960) Tool: armlink [4d3601]

==============================================================================

Section Cross References

    startup_stm32f103xe.o(RESET) refers to startup_stm32f103xe.o(STACK) for __initial_sp
    startup_stm32f103xe.o(RESET) refers to startup_stm32f103xe.o(.text) for Reset_Handler
    startup_stm32f103xe.o(RESET) refers to stm32f1xx_it.o(i.NMI_Handler) for NMI_Handler
    startup_stm32f103xe.o(RESET) refers to stm32f1xx_it.o(i.HardFault_Handler) for HardFault_Handler
    startup_stm32f103xe.o(RESET) refers to stm32f1xx_it.o(i.MemManage_Handler) for MemManage_Handler
    startup_stm32f103xe.o(RESET) refers to stm32f1xx_it.o(i.BusFault_Handler) for BusFault_Handler
    startup_stm32f103xe.o(RESET) refers to stm32f1xx_it.o(i.UsageFault_Handler) for UsageFault_Handler
    startup_stm32f103xe.o(RESET) refers to port.o(.emb_text) for SVC_Handler
    startup_stm32f103xe.o(RESET) refers to stm32f1xx_it.o(i.DebugMon_Handler) for DebugMon_Handler
    startup_stm32f103xe.o(RESET) refers to port.o(i.SysTick_Handler) for SysTick_Handler
    startup_stm32f103xe.o(RESET) refers to stm32f1xx_it.o(i.DMA1_Channel4_IRQHandler) for DMA1_Channel4_IRQHandler
    startup_stm32f103xe.o(RESET) refers to stm32f1xx_it.o(i.DMA1_Channel5_IRQHandler) for DMA1_Channel5_IRQHandler
    startup_stm32f103xe.o(RESET) refers to stm32f1xx_it.o(i.TIM1_UP_IRQHandler) for TIM1_UP_IRQHandler
    startup_stm32f103xe.o(RESET) refers to stm32f1xx_it.o(i.USART1_IRQHandler) for USART1_IRQHandler
    startup_stm32f103xe.o(.text) refers to system_stm32f1xx.o(i.SystemInit) for SystemInit
    startup_stm32f103xe.o(.text) refers to entry.o(.ARM.Collect$$$$00000000) for __main
    main.o(i.HAL_TIM_PeriodElapsedCallback) refers to stm32f1xx_hal.o(i.HAL_IncTick) for HAL_IncTick
    main.o(i.SystemClock_Config) refers to memseta.o(.text) for __aeabi_memclr4
    main.o(i.SystemClock_Config) refers to stm32f1xx_hal_rcc.o(i.HAL_RCC_OscConfig) for HAL_RCC_OscConfig
    main.o(i.SystemClock_Config) refers to stm32f1xx_hal_rcc.o(i.HAL_RCC_ClockConfig) for HAL_RCC_ClockConfig
    main.o(i.SystemClock_Config) refers to stm32f1xx_hal_rcc_ex.o(i.HAL_RCCEx_PeriphCLKConfig) for HAL_RCCEx_PeriphCLKConfig
    main.o(i.main) refers to stm32f1xx_hal.o(i.HAL_Init) for HAL_Init
    main.o(i.main) refers to main.o(i.SystemClock_Config) for SystemClock_Config
    main.o(i.main) refers to gpio.o(i.MX_GPIO_Init) for MX_GPIO_Init
    main.o(i.main) refers to dma.o(i.MX_DMA_Init) for MX_DMA_Init
    main.o(i.main) refers to rtc.o(i.MX_RTC_Init) for MX_RTC_Init
    main.o(i.main) refers to usart.o(i.MX_USART1_UART_Init) for MX_USART1_UART_Init
    main.o(i.main) refers to stm32f1xx_hal_uart.o(i.HAL_UART_Receive_DMA) for HAL_UART_Receive_DMA
    main.o(i.main) refers to cmsis_os2.o(i.osKernelInitialize) for osKernelInitialize
    main.o(i.main) refers to user_tasksinit.o(i.User_Tasks_Init) for User_Tasks_Init
    main.o(i.main) refers to cmsis_os2.o(i.osKernelStart) for osKernelStart
    main.o(i.main) refers to stm32f1xx_it.o(.bss) for HardInt_receive_str_raw
    main.o(i.main) refers to usart.o(.bss) for huart1
    gpio.o(i.MX_GPIO_Init) refers to stm32f1xx_hal_gpio.o(i.HAL_GPIO_WritePin) for HAL_GPIO_WritePin
    gpio.o(i.MX_GPIO_Init) refers to stm32f1xx_hal_gpio.o(i.HAL_GPIO_Init) for HAL_GPIO_Init
    freertos.o(i.MX_FREERTOS_Init) refers to cmsis_os2.o(i.osThreadNew) for osThreadNew
    freertos.o(i.MX_FREERTOS_Init) refers to freertos.o(.constdata) for .constdata
    freertos.o(i.MX_FREERTOS_Init) refers to freertos.o(i.StartDefaultTask) for StartDefaultTask
    freertos.o(i.MX_FREERTOS_Init) refers to freertos.o(.data) for .data
    freertos.o(i.StartDefaultTask) refers to lcd_init.o(i.LCD_Init) for LCD_Init
    freertos.o(i.StartDefaultTask) refers to lcd.o(i.LCD_Fill) for LCD_Fill
    freertos.o(i.StartDefaultTask) refers to lcd.o(i.LCD_ShowString) for LCD_ShowString
    freertos.o(i.StartDefaultTask) refers to stm32f1xx_hal_gpio.o(i.HAL_GPIO_TogglePin) for HAL_GPIO_TogglePin
    freertos.o(i.StartDefaultTask) refers to cmsis_os2.o(i.osDelay) for osDelay
    freertos.o(.constdata) refers to freertos.o(.conststring) for .conststring
    dma.o(i.MX_DMA_Init) refers to stm32f1xx_hal_cortex.o(i.HAL_NVIC_SetPriority) for HAL_NVIC_SetPriority
    dma.o(i.MX_DMA_Init) refers to stm32f1xx_hal_cortex.o(i.HAL_NVIC_EnableIRQ) for HAL_NVIC_EnableIRQ
    iwdg.o(i.MX_IWDG_Init) refers to stm32f1xx_hal_iwdg.o(i.HAL_IWDG_Init) for HAL_IWDG_Init
    iwdg.o(i.MX_IWDG_Init) refers to main.o(i.Error_Handler) for Error_Handler
    iwdg.o(i.MX_IWDG_Init) refers to iwdg.o(.bss) for .bss
    rtc.o(i.HAL_RTC_MspInit) refers to stm32f1xx_hal_pwr.o(i.HAL_PWR_EnableBkUpAccess) for HAL_PWR_EnableBkUpAccess
    rtc.o(i.MX_RTC_Init) refers to stm32f1xx_hal_rtc.o(i.HAL_RTC_Init) for HAL_RTC_Init
    rtc.o(i.MX_RTC_Init) refers to main.o(i.Error_Handler) for Error_Handler
[...]
    .constdata                               0x0800a45c   Section       16  system_stm32f1xx.o(.constdata)
    .constdata                               0x0800a46c   Section        8  system_stm32f1xx.o(.constdata)
    .conststring                             0x0800a474   Section      179  onenet_mqtt.o(.conststring)
    .conststring                             0x0800a528   Section       92  user_tasksinit.o(.conststring)
    .data                                    0x20000000   Section        1  stm32f1xx_it.o(.data)
    .data                                    0x20000001   Section        1  key.o(.data)
    key_up                                   0x20000001   Data           1  key.o(.data)
    .data                                    0x20000004   Section       12  bl24c02.o(.data)
    .data                                    0x20000010   Section       12  max44009.o(.data)
    .data                                    0x2000001c   Section       20  onenet_mqtt.o(.data)
    .data                                    0x20000030   Section       32  user_tasksinit.o(.data)
    .data                                    0x20000050   Section        8  user_cmdrectask.o(.data)
    .data                                    0x20000058   Section       12  stm32f1xx_hal.o(.data)
    .data                                    0x20000064   Section        4  system_stm32f1xx.o(.data)
    .data                                    0x20000068   Section       60  tasks.o(.data)
    pxDelayedTaskList                        0x2000006c   Data           4  tasks.o(.data)
    pxOverflowDelayedTaskList                0x20000070   Data           4  tasks.o(.data)
    uxDeletedTasksWaitingCleanUp             0x20000074   Data           4  tasks.o(.data)
    uxCurrentNumberOfTasks                   0x20000078   Data           4  tasks.o(.data)
    xTickCount                               0x2000007c   Data           4  tasks.o(.data)
    uxTopReadyPriority                       0x20000080   Data           4  tasks.o(.data)
    xSchedulerRunning                        0x20000084   Data           4  tasks.o(.data)
    uxPendedTicks                            0x20000088   Data           4  tasks.o(.data)
    xYieldPending                            0x2000008c   Data           4  tasks.o(.data)
    xNumOfOverflows                          0x20000090   Data           4  tasks.o(.data)
    uxTaskNumber                             0x20000094   Data           4  tasks.o(.data)
    xNextTaskUnblockTime                     0x20000098   Data           4  tasks.o(.data)
    xIdleTaskHandle                          0x2000009c   Data           4  tasks.o(.data)
    uxSchedulerSuspended                     0x200000a0   Data           4  tasks.o(.data)
    .data                                    0x200000a4   Section       20  timers.o(.data)
    pxCurrentTimerList                       0x200000a4   Data           4  timers.o(.data)
    pxOverflowTimerList                      0x200000a8   Data           4  timers.o(.data)
    xTimerQueue                              0x200000ac   Data           4  timers.o(.data)
    xTimerTaskHandle                         0x200000b0   Data           4  timers.o(.data)
    xLastTime                                0x200000b4   Data           4  timers.o(.data)
    .data                                    0x200000b8   Section        4  cmsis_os2.o(.data)
    KernelState                              0x200000b8   Data           4  cmsis_os2.o(.data)
    .data                                    0x200000bc   Section       24  heap_4.o(.data)
    pxEnd                                    0x200000bc   Data           4  heap_4.o(.data)
    xFreeBytesRemaining                      0x200000c0   Data           4  heap_4.o(.data)
    xMinimumEverFreeBytesRemaining           0x200000c4   Data           4  heap_4.o(.data)
    xBlockAllocatedBit                       0x200000c8   Data           4  heap_4.o(.data)
    xStart                                   0x200000cc   Data           8  heap_4.o(.data)
    .data                                    0x200000d4   Section       12  port.o(.data)
    ucMaxSysCallPriority                     0x200000d4   Data           1  port.o(.data)
    uxCriticalNesting                        0x200000d8   Data           4  port.o(.data)
    ulMaxPRIGROUPValue                       0x200000dc   Data           4  port.o(.data)
    .data                                    0x200000e0   Section        4  strtok.o(.data)
    state                                    0x200000e0   Data           4  strtok.o(.data)
    .data                                    0x200000e4   Section        4  stdout.o(.data)
    .bss                                     0x200000e8   Section       12  iwdg.o(.bss)
    .bss                                     0x200000f4   Section       20  rtc.o(.bss)
    .bss                                     0x20000108   Section      204  usart.o(.bss)
    .bss                                     0x200001d4   Section      240  stm32f1xx_it.o(.bss)
    .bss                                     0x200002c4   Section       72  stm32f1xx_hal_timebase_tim.o(.bss)
    .bss                                     0x2000030c   Section       64  queue.o(.bss)
    .bss                                     0x2000034c   Section     1220  tasks.o(.bss)
    pxReadyTasksLists                        0x2000034c   Data        1120  tasks.o(.bss)
    xDelayedTaskList1                        0x200007ac   Data          20  tasks.o(.bss)
    xDelayedTaskList2                        0x200007c0   Data          20  tasks.o(.bss)
    xPendingReadyList                        0x200007d4   Data          20  tasks.o(.bss)
    xTasksWaitingTermination                 0x200007e8   Data          20  tasks.o(.bss)
    xSuspendedTaskList                       0x200007fc   Data          20  tasks.o(.bss)
    .bss                                     0x20000810   Section      280  timers.o(.bss)
    xActiveTimerList1                        0x20000810   Data          20  timers.o(.bss)
    xActiveTimerList2                        0x20000824   Data          20  timers.o(.bss)
    xStaticTimerQueue                        0x20000838   Data          80  timers.o(.bss)
    ucStaticTimerQueueStorage                0x20000888   Data         160  timers.o(.bss)
    .bss                                     0x20000928   Section     1720  cmsis_os2.o(.bss)
    Idle_TCB                                 0x20000928   Data          92  cmsis_os2.o(.bss)
    Idle_Stack                               0x20000984   Data         512  cmsis_os2.o(.bss)
    Timer_TCB                                0x20000b84   Data          92  cmsis_os2.o(.bss)
    Timer_Stack                              0x20000be0   Data        1024  cmsis_os2.o(.bss)
    .bss                                     0x20000fe0   Section    10240  heap_4.o(.bss)
    ucHeap                                   0x20000fe0   Data       10240  heap_4.o(.bss)
    STACK                                    0x200037e0   Section     1024  startup_stm32f103xe.o(STACK)

    Global Symbols

    Symbol Name                              Value     Ov Type        Size  Object(Section)

    BuildAttributes$$THM_ISAv4$P$D$K$B$S$PE$A:L22UL41UL21$X:L11$S22US41US21$IEEE1$IW$USESV6$~STKCKD$USESV7$~SHL$OTIME$ROPI$EBA8$MICROLIB$REQ8$PRES8$EABIv2 0x00000000   Number         0  anon$$obj.o ABSOLUTE
    __ARM_use_no_argv                        0x00000000   Number         0  main.o ABSOLUTE
    _printf_a                                0x00000000   Number         0  stubs.o ABSOLUTE
    _printf_c                                0x00000000   Number         0  stubs.o ABSOLUTE
    _printf_charcount                        0x00000000   Number         0  stubs.o ABSOLUTE
    _printf_d                                0x00000000   Number         0  stubs.o ABSOLUTE
    _printf_e                                0x00000000   Number         0  stubs.o ABSOLUTE
    _printf_f                                0x00000000   Number         0  stubs.o ABSOLUTE
    _printf_flags                            0x00000000   Number         0  stubs.o ABSOLUTE
    _printf_fp_dec                           0x00000000   Number         0  stubs.o ABSOLUTE
    _printf_fp_hex                           0x00000000   Number         0  stubs.o ABSOLUTE
    _printf_g                                0x00000000   Number         0  stubs.o ABSOLUTE
    _printf_i                                0x00000000   Number         0  stubs.o ABSOLUTE
    _printf_int_dec                          0x00000000   Number         0  stubs.o ABSOLUTE
    _printf_l                                0x00000000   Number         0  stubs.o ABSOLUTE
    _printf_lc                               0x00000000   Number         0  stubs.o ABSOLUTE
    _printf_ll                               0x00000000   Number         0  stubs.o ABSOLUTE
    _printf_lld                              0x00000000   Number         0  stubs.o ABSOLUTE
    _printf_lli                              0x00000000   Number         0  stubs.o ABSOLUTE
    _printf_llo                              0x00000000   Number         0  stubs.o ABSOLUTE
    _printf_llu                              0x00000000   Number         0  stubs.o ABSOLUTE
    _printf_llx                              0x00000000   Number         0  stubs.o ABSOLUTE
    _printf_longlong_dec                     0x00000000   Number         0  stubs.o ABSOLUTE
    _printf_longlong_hex                     0x00000000   Number         0  stubs.o ABSOLUTE
    _printf_longlong_oct                     0x00000000   Number         0  stubs.o ABSOLUTE
    _printf_ls                               0x00000000   Number         0  stubs.o ABSOLUTE
    _printf_mbtowc                           0x00000000   Number         0  stubs.o ABSOLUTE
    _printf_n                                0x00000000   Number         0  stubs.o ABSOLUTE
    _printf_o                                0x00000000   Number         0  stubs.o ABSOLUTE
    _printf_p                                0x00000000   Number         0  stubs.o ABSOLUTE
    _printf_percent                          0x00000000   Number         0  stubs.o ABSOLUTE
    _printf_pre_padding                      0x00000000   Number         0  stubs.o ABSOLUTE
    _printf_return_value                     0x00000000   Number         0  stubs.o ABSOLUTE
    _printf_s                                0x00000000   Number         0  stubs.o ABSOLUTE
    _printf_sizespec                         0x00000000   Number         0  stubs.o ABSOLUTE
    _printf_str                              0x00000000   Number         0  stubs.o ABSOLUTE
    _printf_truncate_signed                  0x00000000   Number         0  stubs.o ABSOLUTE
    _printf_truncate_unsigned                0x00000000   Number         0  stubs.o ABSOLUTE
    _printf_u                                0x00000000   Number         0  stubs.o ABSOLUTE
    _printf_wc                               0x00000000   Number         0  stubs.o ABSOLUTE
    _printf_wctomb                           0x00000000   Number         0  stubs.o ABSOLUTE
    _printf_widthprec                        0x00000000   Number         0  stubs.o ABSOLUTE
    _printf_x                                0x00000000   Number         0  stubs.o ABSOLUTE
    __arm_fini_                               - Undefined Weak Reference
    __cpp_initialize__aeabi_                  - Undefined Weak Reference
    __cxa_finalize                            - Undefined Weak Reference
    __decompress                              - Undefined Weak Reference
    _clock_init                               - Undefined Weak Reference
    _microlib_exit                            - Undefined Weak Reference
    __Vectors_Size                           0x00000130   Number         0  startup_stm32f103xe.o ABSOLUTE
    __Vectors                                0x08000000   Data           4  startup_stm32f103xe.o(RESET)
    __Vectors_End                            0x08000130   Data           0  startup_stm32f103xe.o(RESET)
    __main                                   0x08000131   Thumb Code     0  entry.o(.ARM.Collect$$$$00000000)
    _main_stk                                0x08000131   Thumb Code     0  entry2.o(.ARM.Collect$$$$00000001)
    _main_scatterload                        0x08000135   Thumb Code     0  entry5.o(.ARM.Collect$$$$00000004)
    __main_after_scatterload                 0x08000139   Thumb Code     0  entry5.o(.ARM.Collect$$$$00000004)
    _main_clock                              0x08000139   Thumb Code     0  entry7b.o(.ARM.Collect$$$$00000008)
    _main_cpp_init                           0x08000139   Thumb Code     0  entry8b.o(.ARM.Collect$$$$0000000A)
    _main_init                               0x08000139   Thumb Code     0  entry9a.o(.ARM.Collect$$$$0000000B)
    __rt_lib_shutdown_fini                   0x08000141   Thumb Code     0  entry12b.o(.ARM.Collect$$$$0000000E)
    __rt_final_cpp                           0x08000145   Thumb Code     0  entry10a.o(.ARM.Collect$$$$0000000F)
    __rt_final_exit                          0x08000145   Thumb Code     0  entry11a.o(.ARM.Collect$$$$00000011)
    SVC_Handler                              0x08000149   Thumb Code    32  port.o(.emb_text)
    __asm___6_port_c_39a90d8d__prvStartFirstTask 0x0800016d   Thumb Code    28  port.o(.emb_text)
    PendSV_Handler                           0x0800018d   Thumb Code    72  port.o(.emb_text)
    vPortGetIPSR                             0x080001d9   Thumb Code     6  port.o(.emb_text)
    Reset_Handler                            0x080001e1   Thumb Code     8  startup_stm32f103xe.o(.text)
    ADC1_2_IRQHandler                        0x080001fb   Thumb Code     0  startup_stm32f103xe.o(.text)
    ADC3_IRQHandler                          0x080001fb   Thumb Code     0  startup_stm32f103xe.o(.text)
    CAN1_RX1_IRQHandler                      0x080001fb   Thumb Code     0  startup_stm32f103xe.o(.text)
    CAN1_SCE_IRQHandler                      0x080001fb   Thumb Code     0  startup_stm32f103xe.o(.text)
    DMA1_Channel1_IRQHandler                 0x080001fb   Thumb Code     0  startup_stm32f103xe.o(.text)
    DMA1_Channel2_IRQHandler                 0x080001fb   Thumb Code     0  startup_stm32f103xe.o(.text)
    DMA1_Channel3_IRQHandler                 0x080001fb   Thumb Code     0  startup_stm32f103xe.o(.text)
    DMA1_Channel6_IRQHandler                 0x080001fb   Thumb Code     0  startup_stm32f103xe.o(.text)
    DMA1_Channel7_IRQHandler                 0x080001fb   Thumb Code     0  startup_stm32f103xe.o(.text)
    DMA2_Channel1_IRQHandler                 0x080001fb   Thumb Code     0  startup_stm32f103xe.o(.text)
    DMA2_Channel2_IRQHandler                 0x080001fb   Thumb Code     0  startup_stm32f103xe.o(.text)
    DMA2_Channel3_IRQHandler                 0x080001fb   Thumb Code     0  startup_stm32f103xe.o(.text)
    DMA2_Channel4_5_IRQHandler               0x080001fb   Thumb Code     0  startup_stm32f103xe.o(.text)
    EXTI0_IRQHandler                         0x080001fb   Thumb Code     0  startup_stm32f103xe.o(.text)
    EXTI15_10_IRQHandler                     0x080001fb   Thumb Code     0  startup_stm32f103xe.o(.text)
    EXTI1_IRQHandler                         0x080001fb   Thumb Code     0  startup_stm32f103xe.o(.text)
    EXTI2_IRQHandler                         0x080001fb   Thumb Code     0  startup_stm32f103xe.o(.text)
    EXTI3_IRQHandler                         0x080001fb   Thumb Code     0  startup_stm32f103xe.o(.text)
    EXTI4_IRQHandler                         0x080001fb   Thumb Code     0  startup_stm32f103xe.o(.text)
    EXTI9_5_IRQHandler                       0x080001fb   Thumb Code     0  startup_stm32f103xe.o(.text)
    FLASH_IRQHandler                         0x080001fb   Thumb Code     0  startup_stm32f103xe.o(.text)
    FSMC_IRQHandler                          0x080001fb   Thumb Code     0  startup_stm32f103xe.o(.text)
    I2C1_ER_IRQHandler                       0x080001fb   Thumb Code     0  startup_stm32f103xe.o(.text)
    I2C1_EV_IRQHandler                       0x080001fb   Thumb Code     0  startup_stm32f103xe.o(.text)
    I2C2_ER_IRQHandler                       0x080001fb   Thumb Code     0  startup_stm32f103xe.o(.text)
    I2C2_EV_IRQHandler                       0x080001fb   Thumb Code     0  startup_stm32f103xe.o(.text)
    PVD_IRQHandler                           0x080001fb   Thumb Code     0  startup_stm32f103xe.o(.text)
    RCC_IRQHandler                           0x080001fb   Thumb Code     0  startup_stm32f103xe.o(.text)
    RTC_Alarm_IRQHandler                     0x080001fb   Thumb Code     0  startup_stm32f103xe.o(.text)
    RTC_IRQHandler                           0x080001fb   Thumb Code     0  startup_stm32f103xe.o(.text)
    SDIO_IRQHandler                          0x080001fb   Thumb Code     0  startup_stm32f103xe.o(.text)
    SPI1_IRQHandler                          0x080001fb   Thumb Code     0  startup_stm32f103xe.o(.text)
    SPI2_IRQHandler                          0x080001fb   Thumb Code     0  startup_stm32f103xe.o(.text)
    SPI3_IRQHandler                          0x080001fb   Thumb Code     0  startup_stm32f103xe.o(.text)
    TAMPER_IRQHandler                        0x080001fb   Thumb Code     0  startup_stm32f103xe.o(.text)
    TIM1_BRK_IRQHandler                      0x080001fb   Thumb Code     0  startup_stm32f103xe.o(.text)
    TIM1_CC_IRQHandler                       0x080001fb   Thumb Code     0  startup_stm32f103xe.o(.text)
    TIM1_TRG_COM_IRQHandler                  0x080001fb   Thumb Code     0  startup_stm32f103xe.o(.text)
    TIM2_IRQHandler                          0x080001fb   Thumb Code     0  startup_stm32f103xe.o(.text)
    TIM3_IRQHandler                          0x080001fb   Thumb Code     0  startup_stm32f103xe.o(.text)
    TIM4_IRQHandler                          0x080001fb   Thumb Code     0  startup_stm32f103xe.o(.text)
    TIM5_IRQHandler                          0x080001fb   Thumb Code     0  startup_stm32f103xe.o(.text)
    TIM6_IRQHandler                          0x080001fb   Thumb Code     0  startup_stm32f103xe.o(.text)
    TIM7_IRQHandler                          0x080001fb   Thumb Code     0  startup_stm32f103xe.o(.text)
    TIM8_BRK_IRQHandler                      0x080001fb   Thumb Code     0  startup_stm32f103xe.o(.text)
    TIM8_CC_IRQHandler                       0x080001fb   Thumb Code     0  startup_stm32f103xe.o(.text)
    TIM8_TRG_COM_IRQHandler                  0x080001fb   Thumb Code     0  startup_stm32f103xe.o(.text)
    TIM8_UP_IRQHandler                       0x080001fb   Thumb Code     0  startup_stm32f103xe.o(.text)
    UART4_IRQHandler                         0x080001fb   Thumb Code     0  startup_stm32f103xe.o(.text)
    UART5_IRQHandler                         0x080001fb   Thumb Code     0  startup_stm32f103xe.o(.text)
    USART2_IRQHandler                        0x080001fb   Thumb Code     0  startup_stm32f103xe.o(.text)
    USART3_IRQHandler                        0x080001fb   Thumb Code     0  startup_stm32f103xe.o(.text)
    USBWakeUp_IRQHandler                     0x080001fb   Thumb Code     0  startup_stm32f103xe.o(.text)
    USB_HP_CAN1_TX_IRQHandler                0x080001fb   Thumb Code     0  startup_stm32f103xe.o(.text)
    USB_LP_CAN1_RX0_IRQHandler               0x080001fb   Thumb Code     0  startup_stm32f103xe.o(.text)
    WWDG_IRQHandler                          0x080001fb   Thumb Code     0  startup_stm32f103xe.o(.text)
    __aeabi_llsr                             0x08000205   Thumb Code    32  llushr.o(.text)
    _ll_ushift_r                             0x08000205   Thumb Code     0  llushr.o(.text)
    __aeabi_memcpy                           0x08000225   Thumb Code    36  memcpya.o(.text)
    __aeabi_memcpy4                          0x08000225   Thumb Code     0  memcpya.o(.text)
    __aeabi_memcpy8                          0x08000225   Thumb Code     0  memcpya.o(.text)
    __aeabi_memset                           0x08000249   Thumb Code    14  memseta.o(.text)
    __aeabi_memset4                          0x08000249   Thumb Code     0  memseta.o(.text)
    __aeabi_memset8                          0x08000249   Thumb Code     0  memseta.o(.text)
    __aeabi_memclr                           0x08000257   Thumb Code     4  memseta.o(.text)
    __aeabi_memclr4                          0x08000257   Thumb Code     0  memseta.o(.text)
    __aeabi_memclr8                          0x08000257   Thumb Code     0  memseta.o(.text)
    memset                                   0x0800025b   Thumb Code    18  memseta.o(.text)
    strcmp                                   0x0800026d   Thumb Code    28  strcmp.o(.text)
    strcpy                                   0x08000289   Thumb Code    18  strcpy.o(.text)
    strtok                                   0x0800029d   Thumb Code    62  strtok.o(.text)
    __aeabi_fadd                             0x080002e1   Thumb Code   164  fadd.o(.text)
    __aeabi_fsub                             0x08000385   Thumb Code     6  fadd.o(.text)
    __aeabi_frsub                            0x0800038b   Thumb Code     6  fadd.o(.text)
    __aeabi_fmul                             0x08000391   Thumb Code   100  fmul.o(.text)
    __aeabi_fdiv                             0x080003f5   Thumb Code   124  fdiv.o(.text)
    __aeabi_dadd                             0x08000471   Thumb Code   322  dadd.o(.text)
    __aeabi_dsub                             0x080005b3   Thumb Code     6  dadd.o(.text)
    __aeabi_drsub                            0x080005b9   Thumb Code     6  dadd.o(.text)
    __aeabi_dmul                             0x080005bf   Thumb Code   228  dmul.o(.text)
    __aeabi_i2f                              0x080006a3   Thumb Code    18  fflti.o(.text)
    __aeabi_ui2d                             0x080006b5   Thumb Code    26  dfltui.o(.text)
    __aeabi_f2iz                             0x080006cf   Thumb Code    50  ffixi.o(.text)
    __aeabi_f2uiz                            0x08000701   Thumb Code    40  ffixui.o(.text)
    __aeabi_f2d                              0x08000729   Thumb Code    38  f2d.o(.text)
    __aeabi_d2f                              0x0800074f   Thumb Code    56  d2f.o(.text)
    __aeabi_uidiv                            0x08000787   Thumb Code     0  uidiv.o(.text)
    __aeabi_uidivmod                         0x08000787   Thumb Code    44  uidiv.o(.text)
    __aeabi_uldivmod                         0x080007b3   Thumb Code    98  uldiv.o(.text)
    __aeabi_llsl                             0x08000815   Thumb Code    30  llshl.o(.text)
    _ll_shift_l                              0x08000815   Thumb Code     0  llshl.o(.text)
    __aeabi_lasr                             0x08000833   Thumb Code    36  llsshr.o(.text)
    _ll_sshift_r                             0x08000833   Thumb Code     0  llsshr.o(.text)
    __I$use$fp                               0x08000857   Thumb Code     0  iusefp.o(.text)
    _float_round                             0x08000857   Thumb Code    18  fepilogue.o(.text)
    _float_epilogue                          0x08000869   Thumb Code    92  fepilogue.o(.text)
    _double_round                            0x080008c5   Thumb Code    30  depilogue.o(.text)
    _double_epilogue                         0x080008e3   Thumb Code   156  depilogue.o(.text)
    __aeabi_ddiv                             0x0800097f   Thumb Code   222  ddiv.o(.text)
    __aeabi_d2ulz                            0x08000a5d   Thumb Code    48  dfixul.o(.text)
    __aeabi_cdrcmple                         0x08000a8d   Thumb Code    48  cdrcmple.o(.text)
    __scatterload                            0x08000abd   Thumb Code    28  init.o(.text)
    __scatterload_rt2                        0x08000abd   Thumb Code     0  init.o(.text)
    Air724_GetTime                           0x08000ae1   Thumb Code   128  air724ug.o(i.Air724_GetTime)
    Air724_Init                              0x08000b71   Thumb Code   158  air724ug.o(i.Air724_Init)
    Air724_PDPact                            0x08000cfd   Thumb Code    68  air724ug.o(i.Air724_PDPact)
    BL24C02_Init                             0x08000d89   Thumb Code    28  bl24c02.o(i.BL24C02_Init)
    BL24C02_Read                             0x08000dad   Thumb Code    18  bl24c02.o(i.BL24C02_Read)
    BL24C02_Write                            0x08000dc5   Thumb Code    18  bl24c02.o(i.BL24C02_Write)
    BusFault_Handler                         0x08000ddd   Thumb Code     2  stm32f1xx_it.o(i.BusFault_Handler)
    CmdRecTask                               0x08000de1   Thumb Code   734  user_cmdrectask.o(i.CmdRecTask)
    ConCheckTask                             0x08001149   Thumb Code   122  user_measuresendtask.o(i.ConCheckTask)
    Connect_Check                            0x08001211   Thumb Code    32  onenet_mqtt.o(i.Connect_Check)
    DMA1_Channel4_IRQHandler                 0x0800126d   Thumb Code     6  stm32f1xx_it.o(i.DMA1_Channel4_IRQHandler)
    DMA1_Channel5_IRQHandler                 0x08001279   Thumb Code     6  stm32f1xx_it.o(i.DMA1_Channel5_IRQHandler)
    DebugMon_Handler                         0x080012af   Thumb Code     2  stm32f1xx_it.o(i.DebugMon_Handler)
    Error_Handler                            0x080012b1   Thumb Code     4  main.o(i.Error_Handler)
    HAL_DMA_Abort                            0x080012b5   Thumb Code    70  stm32f1xx_hal_dma.o(i.HAL_DMA_Abort)
    HAL_DMA_Abort_IT                         0x080012fd   Thumb Code   296  stm32f1xx_hal_dma.o(i.HAL_DMA_Abort_IT)
    HAL_DMA_IRQHandler                       0x0800142d   Thumb Code   552  stm32f1xx_hal_dma.o(i.HAL_DMA_IRQHandler)
    HAL_DMA_Init                             0x08001675   Thumb Code   112  stm32f1xx_hal_dma.o(i.HAL_DMA_Init)
    HAL_DMA_Start_IT                         0x080016f1   Thumb Code   112  stm32f1xx_hal_dma.o(i.HAL_DMA_Start_IT)
    HAL_Delay                                0x08001761   Thumb Code    32  stm32f1xx_hal.o(i.HAL_Delay)
    HAL_GPIO_Init                            0x08001785   Thumb Code   462  stm32f1xx_hal_gpio.o(i.HAL_GPIO_Init)
    HAL_GPIO_ReadPin                         0x0800197d   Thumb Code    10  stm32f1xx_hal_gpio.o(i.HAL_GPIO_ReadPin)
    HAL_GPIO_TogglePin                       0x08001987   Thumb Code    16  stm32f1xx_hal_gpio.o(i.HAL_GPIO_TogglePin)
    HAL_GPIO_WritePin                        0x08001997   Thumb Code    10  stm32f1xx_hal_gpio.o(i.HAL_GPIO_WritePin)
    HAL_GetTick                              0x080019a1   Thumb Code     6  stm32f1xx_hal.o(i.HAL_GetTick)
    HAL_IWDG_Init                            0x080019ad   Thumb Code    90  stm32f1xx_hal_iwdg.o(i.HAL_IWDG_Init)
    HAL_IWDG_Refresh                         0x08001a07   Thumb Code    12  stm32f1xx_hal_iwdg.o(i.HAL_IWDG_Refresh)
    HAL_IncTick                              0x08001a15   Thumb Code    12  stm32f1xx_hal.o(i.HAL_IncTick)
    HAL_Init                                 0x08001a25   Thumb Code    32  stm32f1xx_hal.o(i.HAL_Init)
    HAL_InitTick                             0x08001a49   Thumb Code   118  stm32f1xx_hal_timebase_tim.o(i.HAL_InitTick)
    HAL_MspInit                              0x08001ad5   Thumb Code    62  stm32f1xx_hal_msp.o(i.HAL_MspInit)
    HAL_NVIC_EnableIRQ                       0x08001b1d   Thumb Code    26  stm32f1xx_hal_cortex.o(i.HAL_NVIC_EnableIRQ)
    HAL_NVIC_SetPriority                     0x08001b39   Thumb Code    60  stm32f1xx_hal_cortex.o(i.HAL_NVIC_SetPriority)
    HAL_NVIC_SetPriorityGrouping             0x08001b79   Thumb Code    26  stm32f1xx_hal_cortex.o(i.HAL_NVIC_SetPriorityGrouping)
    HAL_PWR_EnableBkUpAccess                 0x08001b9d   Thumb Code     8  stm32f1xx_hal_pwr.o(i.HAL_PWR_EnableBkUpAccess)
    HAL_RCCEx_GetPeriphCLKFreq               0x08001ba9   Thumb Code   180  stm32f1xx_hal_rcc_ex.o(i.HAL_RCCEx_GetPeriphCLKFreq)
    HAL_RCCEx_PeriphCLKConfig                0x08001c7d   Thumb Code   224  stm32f1xx_hal_rcc_ex.o(i.HAL_RCCEx_PeriphCLKConfig)
    HAL_RCC_ClockConfig                      0x08001d69   Thumb Code   280  stm32f1xx_hal_rcc.o(i.HAL_RCC_ClockConfig)
    HAL_RCC_GetClockConfig                   0x08001e95   Thumb Code    54  stm32f1xx_hal_rcc.o(i.HAL_RCC_GetClockConfig)
    HAL_RCC_GetPCLK1Freq                     0x08001ed5   Thumb Code    20  stm32f1xx_hal_rcc.o(i.HAL_RCC_GetPCLK1Freq)
    HAL_RCC_GetPCLK2Freq                     0x08001ef5   Thumb Code    20  stm32f1xx_hal_rcc.o(i.HAL_RCC_GetPCLK2Freq)
    HAL_RCC_GetSysClockFreq                  0x08001f15   Thumb Code    74  stm32f1xx_hal_rcc.o(i.HAL_RCC_GetSysClockFreq)
    HAL_RCC_OscConfig                        0x08001f81   Thumb Code   778  stm32f1xx_hal_rcc.o(i.HAL_RCC_OscConfig)
    HAL_RTC_GetTime                          0x080022a1   Thumb Code   216  stm32f1xx_hal_rtc.o(i.HAL_RTC_GetTime)
    HAL_RTC_Init                             0x08002379   Thumb Code   154  stm32f1xx_hal_rtc.o(i.HAL_RTC_Init)
    HAL_RTC_MspInit                          0x08002419   Thumb Code    40  rtc.o(i.HAL_RTC_MspInit)
    HAL_RTC_SetDate                          0x0800244d   Thumb Code   192  stm32f1xx_hal_rtc.o(i.HAL_RTC_SetDate)
    HAL_RTC_SetTime                          0x08002511   Thumb Code   168  stm32f1xx_hal_rtc.o(i.HAL_RTC_SetTime)
    HAL_RTC_WaitForSynchro                   0x080025bd   Thumb Code    58  stm32f1xx_hal_rtc.o(i.HAL_RTC_WaitForSynchro)
    HAL_TIMEx_BreakCallback                  0x080025f7   Thumb Code     2  stm32f1xx_hal_tim_ex.o(i.HAL_TIMEx_BreakCallback)
    HAL_TIMEx_CommutCallback                 0x080025f9   Thumb Code     2  stm32f1xx_hal_tim_ex.o(i.HAL_TIMEx_CommutCallback)
    HAL_TIM_Base_Init                        0x080025fb   Thumb Code    90  stm32f1xx_hal_tim.o(i.HAL_TIM_Base_Init)
    HAL_TIM_Base_MspInit                     0x08002655   Thumb Code     2  stm32f1xx_hal_tim.o(i.HAL_TIM_Base_MspInit)
    HAL_TIM_Base_Start_IT                    0x08002659   Thumb Code    88  stm32f1xx_hal_tim.o(i.HAL_TIM_Base_Start_IT)
    HAL_TIM_IC_CaptureCallback               0x080026c5   Thumb Code     2  stm32f1xx_hal_tim.o(i.HAL_TIM_IC_CaptureCallback)
    HAL_TIM_IRQHandler                       0x080026c7   Thumb Code   358  stm32f1xx_hal_tim.o(i.HAL_TIM_IRQHandler)
    HAL_TIM_OC_DelayElapsedCallback          0x0800282d   Thumb Code     2  stm32f1xx_hal_tim.o(i.HAL_TIM_OC_DelayElapsedCallback)
    HAL_TIM_PWM_PulseFinishedCallback        0x0800282f   Thumb Code     2  stm32f1xx_hal_tim.o(i.HAL_TIM_PWM_PulseFinishedCallback)
    HAL_TIM_PeriodElapsedCallback            0x08002831   Thumb Code    14  main.o(i.HAL_TIM_PeriodElapsedCallback)
    HAL_TIM_TriggerCallback                  0x08002845   Thumb Code     2  stm32f1xx_hal_tim.o(i.HAL_TIM_TriggerCallback)
    HAL_UARTEx_RxEventCallback               0x08002847   Thumb Code     2  stm32f1xx_hal_uart.o(i.HAL_UARTEx_RxEventCallback)
    HAL_UART_DMAStop                         0x08002849   Thumb Code    88  stm32f1xx_hal_uart.o(i.HAL_UART_DMAStop)
    HAL_UART_ErrorCallback                   0x080028a1   Thumb Code     2  stm32f1xx_hal_uart.o(i.HAL_UART_ErrorCallback)
    HAL_UART_IRQHandler                      0x080028a5   Thumb Code   520  stm32f1xx_hal_uart.o(i.HAL_UART_IRQHandler)
    HAL_UART_Init                            0x08002ab1   Thumb Code    98  stm32f1xx_hal_uart.o(i.HAL_UART_Init)
    HAL_UART_MspInit                         0x08002b15   Thumb Code   198  usart.o(i.HAL_UART_MspInit)
    HAL_UART_Receive_DMA                     0x08002bf1   Thumb Code    42  stm32f1xx_hal_uart.o(i.HAL_UART_Receive_DMA)
    HAL_UART_RxCpltCallback                  0x08002c1b   Thumb Code     2  stm32f1xx_hal_uart.o(i.HAL_UART_RxCpltCallback)
    HAL_UART_RxHalfCpltCallback              0x08002c1d   Thumb Code     2  stm32f1xx_hal_uart.o(i.HAL_UART_RxHalfCpltCallback)
    HAL_UART_Transmit                        0x08002c21   Thumb Code   178  stm32f1xx_hal_uart.o(i.HAL_UART_Transmit)
    HAL_UART_TxCpltCallback                  0x08002cd3   Thumb Code     2  stm32f1xx_hal_uart.o(i.HAL_UART_TxCpltCallback)
    HardFault_Handler                        0x08002cd5   Thumb Code     2  stm32f1xx_it.o(i.HardFault_Handler)
    HardwaresInitTask                        0x08002cd9   Thumb Code   528  user_hardwaresinittask.o(i.HardwaresInitTask)
    IICInit                                  0x08002fc5   Thumb Code    50  iic_hal.o(i.IICInit)
    IICReceiveByte                           0x08002ff7   Thumb Code    78  iic_hal.o(i.IICReceiveByte)
    IICSendAck                               0x08003045   Thumb Code    48  iic_hal.o(i.IICSendAck)
    IICSendByte                              0x08003075   Thumb Code    88  iic_hal.o(i.IICSendByte)
    IICSendNotAck                            0x080030cd   Thumb Code    48  iic_hal.o(i.IICSendNotAck)
    IICStart                                 0x080030fd   Thumb Code    62  iic_hal.o(i.IICStart)
    IICStop                                  0x0800313b   Thumb Code    62  iic_hal.o(i.IICStop)
    IICWaitAck                               0x08003179   Thumb Code    82  iic_hal.o(i.IICWaitAck)
    IIC_Read_Multi_Byte                      0x080031cd   Thumb Code   136  iic_hal.o(i.IIC_Read_Multi_Byte)
    IIC_Read_One_Byte                        0x08003255   Thumb Code    92  iic_hal.o(i.IIC_Read_One_Byte)
    IIC_Write_Multi_Byte                     0x080032b1   Thumb Code   104  iic_hal.o(i.IIC_Write_Multi_Byte)
    IIC_Write_One_Byte                       0x08003319   Thumb Code    90  iic_hal.o(i.IIC_Write_One_Byte)
    KeyScan                                  0x08003375   Thumb Code   116  key.o(i.KeyScan)
    KeyTask                                  0x080033f1   Thumb Code    60  user_keytask.o(i.KeyTask)
    Key_Port_Init                            0x08003431   Thumb Code    50  key.o(i.Key_Port_Init)
    LCD_Address_Set                          0x0800346d   Thumb Code    66  lcd_init.o(i.LCD_Address_Set)
    LCD_DrawPoint                            0x080034af   Thumb Code    22  lcd.o(i.LCD_DrawPoint)
    LCD_Fill                                 0x080034c5   Thumb Code    62  lcd.o(i.LCD_Fill)
    LCD_GPIO_Init                            0x08003505   Thumb Code    64  lcd_init.o(i.LCD_GPIO_Init)
    LCD_Init                                 0x0800354d   Thumb Code   426  lcd_init.o(i.LCD_Init)
    LCD_ShowChar                             0x080036fd   Thumb Code   252  lcd.o(i.LCD_ShowChar)
    LCD_ShowString                           0x08003809   Thumb Code    58  lcd.o(i.LCD_ShowString)
    LCD_WR_DATA                              0x08003843   Thumb Code    20  lcd_init.o(i.LCD_WR_DATA)
    LCD_WR_REG                               0x08003859   Thumb Code    36  lcd_init.o(i.LCD_WR_REG)
    LCD_Writ_Bus                             0x08003881   Thumb Code    82  lcd_init.o(i.LCD_Writ_Bus)
    LEDTask                                  0x080038d9   Thumb Code    26  user_tasksinit.o(i.LEDTask)
    MAX44009_Init                            0x080038f9   Thumb Code   106  max44009.o(i.MAX44009_Init)
    MAX_Measure                              0x0800396d   Thumb Code    54  max44009.o(i.MAX_Measure)
    MAX_ReadOneReg                           0x080039ad   Thumb Code    10  max44009.o(i.MAX_ReadOneReg)
    MAX_WriteOneReg                          0x080039bd   Thumb Code    12  max44009.o(i.MAX_WriteOneReg)
    MX_DMA_Init                              0x080039cd   Thumb Code    56  dma.o(i.MX_DMA_Init)
    MX_GPIO_Init                             0x08003a09   Thumb Code    86  gpio.o(i.MX_GPIO_Init)
    MX_IWDG_Init                             0x08003a69   Thumb Code    36  iwdg.o(i.MX_IWDG_Init)
    MX_RTC_Init                              0x08003a95   Thumb Code   100  rtc.o(i.MX_RTC_Init)
    MX_USART1_UART_Init                      0x08003b01   Thumb Code    48  usart.o(i.MX_USART1_UART_Init)
    MeasureSendTask                          0x08003b39   Thumb Code   194  user_measuresendtask.o(i.MeasureSendTask)
    MemManage_Handler                        0x08003c6d   Thumb Code     2  stm32f1xx_it.o(i.MemManage_Handler)
    NMI_Handler                              0x08003c6f   Thumb Code     2  stm32f1xx_it.o(i.NMI_Handler)
    RTC_SetTime                              0x08003de1   Thumb Code    38  rtc.o(i.RTC_SetTime)
    SCL_Output                               0x08003eb3   Thumb Code    18  iic_hal.o(i.SCL_Output)
    SDA_Input                                0x08003ec5   Thumb Code    18  iic_hal.o(i.SDA_Input)
    SDA_Input_Mode                           0x08003ed7   Thumb Code    34  iic_hal.o(i.SDA_Input_Mode)
    SDA_Output                               0x08003ef9   Thumb Code    18  iic_hal.o(i.SDA_Output)
    SDA_Output_Mode                          0x08003f0b   Thumb Code    34  iic_hal.o(i.SDA_Output_Mode)
    SysTick_Handler                          0x08003f2d   Thumb Code    38  port.o(i.SysTick_Handler)
    SystemClock_Config                       0x08003f59   Thumb Code   124  main.o(i.SystemClock_Config)
    SystemInit                               0x08003fd5   Thumb Code     2  system_stm32f1xx.o(i.SystemInit)
    TIM1_UP_IRQHandler                       0x08003fd9   Thumb Code     6  stm32f1xx_it.o(i.TIM1_UP_IRQHandler)
    TIM_Base_SetConfig                       0x08003fe5   Thumb Code   120  stm32f1xx_hal_tim.o(i.TIM_Base_SetConfig)
    UART_Start_Receive_DMA                   0x080042f1   Thumb Code    98  stm32f1xx_hal_uart.o(i.UART_Start_Receive_DMA)
    USART1_IRQHandler                        0x080043c5   Thumb Code    82  stm32f1xx_it.o(i.USART1_IRQHandler)
    UsageFault_Handler                       0x08004425   Thumb Code     2  stm32f1xx_it.o(i.UsageFault_Handler)
    User_Tasks_Init                          0x08004429   Thumb Code   114  user_tasksinit.o(i.User_Tasks_Init)
    WDOGFeedTask                             0x080044c1   Thumb Code    18  user_tasksinit.o(i.WDOGFeedTask)
    __0printf                                0x080044d9   Thumb Code    22  printfa.o(i.__0printf)
    __1printf                                0x080044d9   Thumb Code     0  printfa.o(i.__0printf)
    __2printf                                0x080044d9   Thumb Code     0  printfa.o(i.__0printf)
    __c89printf                              0x080044d9   Thumb Code     0  printfa.o(i.__0printf)
    printf                                   0x080044d9   Thumb Code     0  printfa.o(i.__0printf)
    __0sprintf                               0x080044f9   Thumb Code    34  printfa.o(i.__0sprintf)
    __1sprintf                               0x080044f9   Thumb Code     0  printfa.o(i.__0sprintf)
    __2sprintf                               0x080044f9   Thumb Code     0  printfa.o(i.__0sprintf)
    __c89sprintf                             0x080044f9   Thumb Code     0  printfa.o(i.__0sprintf)
    sprintf                                  0x080044f9   Thumb Code     0  printfa.o(i.__0sprintf)
    __scatterload_copy                       0x08004541   Thumb Code    14  handlers.o(i.__scatterload_copy)
    __scatterload_null                       0x0800454f   Thumb Code     2  handlers.o(i.__scatterload_null)
    __scatterload_zeroinit                   0x08004551   Thumb Code    14  handlers.o(i.__scatterload_zeroinit)
    delay_ms                                 0x08004df5   Thumb Code    26  delay.o(i.delay_ms)
    delay_us                                 0x08004e0f   Thumb Code    44  delay.o(i.delay_us)
    fputc                                    0x08004e3d   Thumb Code    20  usart.o(i.fputc)
    main                                     0x08004e55   Thumb Code    60  main.o(i.main)
    onenet_CmdResponse_MPUB                  0x08004e99   Thumb Code    30  onenet_mqtt.o(i.onenet_CmdResponse_MPUB)
    onenet_Data_MPUB                         0x08004eed   Thumb Code    28  onenet_mqtt.o(i.onenet_Data_MPUB)
    onenet_MQTTConnect                       0x08004f3d   Thumb Code    84  onenet_mqtt.o(i.onenet_MQTTConnect)
    onenet_TCPDisConnect                     0x08005005   Thumb Code    18  onenet_mqtt.o(i.onenet_TCPDisConnect)
    osDelay                                  0x08005029   Thumb Code    46  cmsis_os2.o(i.osDelay)
    osKernelInitialize                       0x0800505d   Thumb Code    50  cmsis_os2.o(i.osKernelInitialize)
    osKernelStart                            0x08005095   Thumb Code    58  cmsis_os2.o(i.osKernelStart)
    osMessageQueueGet                        0x080050d5   Thumb Code   116  cmsis_os2.o(i.osMessageQueueGet)
    osMessageQueueNew                        0x08005151   Thumb Code   110  cmsis_os2.o(i.osMessageQueueNew)
    osMessageQueuePut                        0x080051c5   Thumb Code   120  cmsis_os2.o(i.osMessageQueuePut)
    osThreadNew                              0x08005245   Thumb Code   160  cmsis_os2.o(i.osThreadNew)
    pvPortMalloc                             0x08005a2d   Thumb Code   210  heap_4.o(i.pvPortMalloc)
    pxPortInitialiseStack                    0x08005b05   Thumb Code    32  port.o(i.pxPortInitialiseStack)
    uxListRemove                             0x08005b29   Thumb Code    38  list.o(i.uxListRemove)
    vApplicationGetIdleTaskMemory            0x08005b51   Thumb Code    16  cmsis_os2.o(i.vApplicationGetIdleTaskMemory)
    vApplicationGetTimerTaskMemory           0x08005b65   Thumb Code    18  cmsis_os2.o(i.vApplicationGetTimerTaskMemory)
    vListInitialise                          0x08005b7d   Thumb Code    22  list.o(i.vListInitialise)
    vListInitialiseItem                      0x08005b93   Thumb Code     6  list.o(i.vListInitialiseItem)
    vListInsert                              0x08005b99   Thumb Code    48  list.o(i.vListInsert)
    vListInsertEnd                           0x08005bc9   Thumb Code    24  list.o(i.vListInsertEnd)
    vPortEnterCritical                       0x08005be1   Thumb Code    54  port.o(i.vPortEnterCritical)
    vPortExitCritical                        0x08005c21   Thumb Code    34  port.o(i.vPortExitCritical)
    vPortFree                                0x08005c49   Thumb Code    88  heap_4.o(i.vPortFree)
    vPortSetupTimerInterrupt                 0x08005ca5   Thumb Code    32  port.o(i.vPortSetupTimerInterrupt)
    vPortValidateInterruptPriority           0x08005cc9   Thumb Code    74  port.o(i.vPortValidateInterruptPriority)
    vQueueAddToRegistry                      0x08005d1d   Thumb Code    34  queue.o(i.vQueueAddToRegistry)
    vQueueWaitForMessageRestricted           0x08005d45   Thumb Code    68  queue.o(i.vQueueWaitForMessageRestricted)
    vTaskDelay                               0x08005d89   Thumb Code    66  tasks.o(i.vTaskDelay)
    vTaskDelete                              0x08005dd5   Thumb Code   130  tasks.o(i.vTaskDelete)
    vTaskInternalSetTimeOutState             0x08005e65   Thumb Code    12  tasks.o(i.vTaskInternalSetTimeOutState)
    vTaskMissedYield                         0x08005e75   Thumb Code     8  tasks.o(i.vTaskMissedYield)
    vTaskPlaceOnEventList                    0x08005e81   Thumb Code    44  tasks.o(i.vTaskPlaceOnEventList)
    vTaskPlaceOnEventListRestricted          0x08005eb1   Thumb Code    52  tasks.o(i.vTaskPlaceOnEventListRestricted)
    vTaskStartScheduler                      0x08005ee9   Thumb Code   118  tasks.o(i.vTaskStartScheduler)
    vTaskSuspendAll                          0x08005f71   Thumb Code    10  tasks.o(i.vTaskSuspendAll)
    vTaskSwitchContext                       0x08005f81   Thumb Code    90  tasks.o(i.vTaskSwitchContext)
    xPortStartScheduler                      0x08005fe5   Thumb Code   154  port.o(i.xPortStartScheduler)
    xQueueGenericCreate                      0x0800608d   Thumb Code    72  queue.o(i.xQueueGenericCreate)
    xQueueGenericCreateStatic                0x080060d5   Thumb Code   102  queue.o(i.xQueueGenericCreateStatic)
    xQueueGenericReset                       0x0800613d   Thumb Code   132  queue.o(i.xQueueGenericReset)
    xQueueGenericSend                        0x080061c5   Thumb Code   346  queue.o(i.xQueueGenericSend)
    xQueueGenericSendFromISR                 0x08006325   Thumb Code   188  queue.o(i.xQueueGenericSendFromISR)
    xQueueReceive                            0x080063e1   Thumb Code   308  queue.o(i.xQueueReceive)
    xQueueReceiveFromISR                     0x08006519   Thumb Code   154  queue.o(i.xQueueReceiveFromISR)
    xTaskCheckForTimeOut                     0x080065b5   Thumb Code   112  tasks.o(i.xTaskCheckForTimeOut)
    xTaskCreate                              0x08006629   Thumb Code    90  tasks.o(i.xTaskCreate)
    xTaskCreateStatic                        0x08006683   Thumb Code    86  tasks.o(i.xTaskCreateStatic)
    xTaskGetSchedulerState                   0x080066d9   Thumb Code    22  tasks.o(i.xTaskGetSchedulerState)
    xTaskGetTickCount                        0x080066f5   Thumb Code     6  tasks.o(i.xTaskGetTickCount)
    xTaskIncrementTick                       0x08006701   Thumb Code   190  tasks.o(i.xTaskIncrementTick)
    xTaskPriorityDisinherit                  0x080067c9   Thumb Code   118  tasks.o(i.xTaskPriorityDisinherit)
    xTaskRemoveFromEventList                 0x08006849   Thumb Code    98  tasks.o(i.xTaskRemoveFromEventList)
    xTaskResumeAll                           0x080068b9   Thumb Code   182  tasks.o(i.xTaskResumeAll)
    xTimerCreateTimerTask                    0x0800697d   Thumb Code    78  timers.o(i.xTimerCreateTimerTask)
    xTimerGenericCommand                     0x080069dd   Thumb Code    98  timers.o(i.xTimerGenericCommand)
    ascii_1206                               0x08006a44   Data        1140  lcd.o(.constdata)
    ascii_1608                               0x08006eb8   Data        1520  lcd.o(.constdata)
    ascii_2412                               0x080074a8   Data        4560  lcd.o(.constdata)
    ascii_3216                               0x08008678   Data        6080  lcd.o(.constdata)
    tfont12                                  0x08009e38   Data         130  lcd.o(.constdata)
    tfont16                                  0x08009eba   Data         170  lcd.o(.constdata)
    tfont24                                  0x08009f64   Data         370  lcd.o(.constdata)
    tfont32                                  0x0800a0d6   Data         650  lcd.o(.constdata)
    HardwaresInitTask_attributes             0x0800a360   Data          36  user_tasksinit.o(.constdata)
    WDOGTask_attributes                      0x0800a384   Data          36  user_tasksinit.o(.constdata)
    LEDTask_attributes                       0x0800a3a8   Data          36  user_tasksinit.o(.constdata)
    KeyTask_attributes                       0x0800a3cc   Data          36  user_tasksinit.o(.constdata)
    CmdRecTask_attributes                    0x0800a3f0   Data          36  user_tasksinit.o(.constdata)
    MeasureSendTask_attributes               0x0800a414   Data          36  user_tasksinit.o(.constdata)
    ConCheckTask_attributes                  0x0800a438   Data          36  user_tasksinit.o(.constdata)
    AHBPrescTable                            0x0800a45c   Data          16  system_stm32f1xx.o(.constdata)
    APBPrescTable                            0x0800a46c   Data           8  system_stm32f1xx.o(.constdata)
    Region$$Table$$Base                      0x0800a584   Number         0  anon$$obj.o(Region$$Table)
    Region$$Table$$Limit                     0x0800a5a4   Number         0  anon$$obj.o(Region$$Table)
    HardInt_uart_flag                        0x20000000   Data           1  stm32f1xx_it.o(.data)
    BL_bus                                   0x20000004   Data          12  bl24c02.o(.data)
    MAX44009_bus                             0x20000010   Data          12  max44009.o(.data)
    ProductID                                0x2000001c   Data           4  onenet_mqtt.o(.data)
    DeviceName                               0x20000020   Data           4  onenet_mqtt.o(.data)
    sign                                     0x20000024   Data           4  onenet_mqtt.o(.data)
    mqtturl                                  0x20000028   Data           4  onenet_mqtt.o(.data)
    mqttport                                 0x2000002c   Data           4  onenet_mqtt.o(.data)
    HardwaresInitTaskHandle                  0x20000030   Data           4  user_tasksinit.o(.data)
    WDOGTaskHandle                           0x20000034   Data           4  user_tasksinit.o(.data)
    LEDTaskHandle                            0x20000038   Data           4  user_tasksinit.o(.data)
    KeyTaskHandle                            0x2000003c   Data           4  user_tasksinit.o(.data)
    CmdRecTaskHandle                         0x20000040   Data           4  user_tasksinit.o(.data)
    MeasureSendTaskHandle                    0x20000044   Data           4  user_tasksinit.o(.data)
    ConCheckTaskHandle                       0x20000048   Data           4  user_tasksinit.o(.data)
    Key_MessageQueue                         0x2000004c   Data           4  user_tasksinit.o(.data)
    OFFSET_b                                 0x20000050   Data           2  user_cmdrectask.o(.data)
    OFFSET_k                                 0x20000054   Data           4  user_cmdrectask.o(.data)
    uwTickFreq                               0x20000058   Data           1  stm32f1xx_hal.o(.data)
    uwTickPrio                               0x2000005c   Data           4  stm32f1xx_hal.o(.data)
    uwTick                                   0x20000060   Data           4  stm32f1xx_hal.o(.data)
    SystemCoreClock                          0x20000064   Data           4  system_stm32f1xx.o(.data)
    pxCurrentTCB                             0x20000068   Data           4  tasks.o(.data)
    __stdout                                 0x200000e4   Data           4  stdout.o(.data)
    hiwdg                                    0x200000e8   Data          12  iwdg.o(.bss)
    hrtc                                     0x200000f4   Data          20  rtc.o(.bss)
    huart1                                   0x20000108   Data          68  usart.o(.bss)
    hdma_usart1_rx                           0x2000014c   Data          68  usart.o(.bss)
    hdma_usart1_tx                           0x20000190   Data          68  usart.o(.bss)
    HardInt_receive_str                      0x200001d4   Data         120  stm32f1xx_it.o(.bss)
    HardInt_receive_str_raw                  0x2000024c   Data         120  stm32f1xx_it.o(.bss)
    htim1                                    0x200002c4   Data          72  stm32f1xx_hal_timebase_tim.o(.bss)
    xQueueRegistry                           0x2000030c   Data          64  queue.o(.bss)
    __initial_sp                             0x20003be0   Data           0  startup_stm32f103xe.o(STACK)



==============================================================================

Memory Map of the image

  Image Entry point : 0x08000131

  Load Region LR_IROM1 (Base: 0x08000000, Size: 0x0000a68c, Max: 0x00040000, ABSOLUTE)

    Execution Region ER_IROM1 (Exec base: 0x08000000, Load base: 0x08000000, Size: 0x0000a5a4, Max: 0x00040000, ABSOLUTE)

    Exec Addr    Load Addr    Size         Type   Attr      Idx    E Section Name        Object

    0x08000000   0x08000000   0x00000130   Data   RO            3    RESET               startup_stm32f103xe.o
    0x08000130   0x08000130   0x00000000   Code   RO         5803  * .ARM.Collect$$$$00000000  mc_w.l(entry.o)
    0x08000130   0x08000130   0x00000004   Code   RO         6109    .ARM.Collect$$$$00000001  mc_w.l(entry2.o)
    0x08000134   0x08000134   0x00000004   Code   RO         6112    .ARM.Collect$$$$00000004  mc_w.l(entry5.o)
    0x08000138   0x08000138   0x00000000   Code   RO         6114    .ARM.Collect$$$$00000008  mc_w.l(entry7b.o)
    0x08000138   0x08000138   0x00000000   Code   RO         6116    .ARM.Collect$$$$0000000A  mc_w.l(entry8b.o)
    0x08000138   0x08000138   0x00000008   Code   RO         6117    .ARM.Collect$$$$0000000B  mc_w.l(entry9a.o)
    0x08000140   0x08000140   0x00000004   Code   RO         6124    .ARM.Collect$$$$0000000E  mc_w.l(entry12b.o)
    0x08000144   0x08000144   0x00000000   Code   RO         6119    .ARM.Collect$$$$0000000F  mc_w.l(entry10a.o)
    0x08000144   0x08000144   0x00000000   Code   RO         6121    .ARM.Collect$$$$00000011  mc_w.l(entry11a.o)
    0x08000144   0x08000144   0x00000004   Code   RO         6110    .ARM.Collect$$$$00002712  mc_w.l(entry2.o)
    0x08000148   0x08000148   0x00000096   Code   RO         5726    .emb_text           port.o
    0x080001de   0x080001de   0x00000002   PAD
    0x080001e0   0x080001e0   0x00000024   Code   RO            4    .text               startup_stm32f103xe.o
    0x08000204   0x08000204   0x00000020   Code   RO         5806    .text               mc_w.l(llushr.o)
    0x08000224   0x08000224   0x00000024   Code   RO         5808    .text               mc_w.l(memcpya.o)
    0x08000248   0x08000248   0x00000024   Code   RO         5812    .text               mc_w.l(memseta.o)
    0x0800026c   0x0800026c   0x0000001c   Code   RO         5814    .text               mc_w.l(strcmp.o)
    0x08000288   0x08000288   0x00000012   Code   RO         5816    .text               mc_w.l(strcpy.o)
    0x0800029a   0x0800029a   0x00000002   PAD
    0x0800029c   0x0800029c   0x00000044   Code   RO         5818    .text               mc_w.l(strtok.o)
    0x080002e0   0x080002e0   0x000000b0   Code   RO         6087    .text               mf_w.l(fadd.o)
    0x08000390   0x08000390   0x00000064   Code   RO         6089    .text               mf_w.l(fmul.o)
    0x080003f4   0x080003f4   0x0000007c   Code   RO         6091    .text               mf_w.l(fdiv.o)
    0x08000470   0x08000470   0x0000014e   Code   RO         6093    .text               mf_w.l(dadd.o)
    0x080005be   0x080005be   0x000000e4   Code   RO         6095    .text               mf_w.l(dmul.o)
    0x080006a2   0x080006a2   0x00000012   Code   RO         6097    .text               mf_w.l(fflti.o)
    0x080006b4   0x080006b4   0x0000001a   Code   RO         6099    .text               mf_w.l(dfltui.o)
    0x080006ce   0x080006ce   0x00000032   Code   RO         6101    .text               mf_w.l(ffixi.o)
    0x08000700   0x08000700   0x00000028   Code   RO         6103    .text               mf_w.l(ffixui.o)
    0x08000728   0x08000728   0x00000026   Code   RO         6105    .text               mf_w.l(f2d.o)
    0x0800074e   0x0800074e   0x00000038   Code   RO         6107    .text               mf_w.l(d2f.o)
    0x08000786   0x08000786   0x0000002c   Code   RO         6126    .text               mc_w.l(uidiv.o)
    0x080007b2   0x080007b2   0x00000062   Code   RO         6128    .text               mc_w.l(uldiv.o)
    0x08000814   0x08000814   0x0000001e   Code   RO         6130    .text               mc_w.l(llshl.o)
    0x08000832   0x08000832   0x00000024   Code   RO         6132    .text               mc_w.l(llsshr.o)
    0x08000856   0x08000856   0x00000000   Code   RO         6134    .text               mc_w.l(iusefp.o)
    0x08000856   0x08000856   0x0000006e   Code   RO         6135    .text               mf_w.l(fepilogue.o)
    0x080008c4   0x080008c4   0x000000ba   Code   RO         6137    .text               mf_w.l(depilogue.o)
    0x0800097e   0x0800097e   0x000000de   Code   RO         6139    .text               mf_w.l(ddiv.o)
    0x08000a5c   0x08000a5c   0x00000030   Code   RO         6141    .text               mf_w.l(dfixul.o)
    0x08000a8c   0x08000a8c   0x00000030   Code   RO         6143    .text               mf_w.l(cdrcmple.o)
    0x08000abc   0x08000abc   0x00000024   Code   RO         6145    .text               mc_w.l(init.o)
    0x08000ae0   0x08000ae0   0x00000090   Code   RO         1133    i.Air724_GetTime    air724ug.o
    0x08000b70   0x08000b70   0x0000018c   Code   RO         1134    i.Air724_Init       air724ug.o
    0x08000cfc   0x08000cfc   0x0000008c   Code   RO         1135    i.Air724_PDPact     air724ug.o
    0x08000d88   0x08000d88   0x00000024   Code   RO         1040    i.BL24C02_Init      bl24c02.o
    0x08000dac   0x08000dac   0x00000018   Code   RO         1041    i.BL24C02_Read      bl24c02.o
    0x08000dc4   0x08000dc4   0x00000018   Code   RO         1042    i.BL24C02_Write     bl24c02.o
    0x08000ddc   0x08000ddc   0x00000002   Code   RO          537    i.BusFault_Handler  stm32f1xx_it.o
    0x08000dde   0x08000dde   0x00000002   PAD
    0x08000de0   0x08000de0   0x00000368   Code   RO         1476    i.CmdRecTask        user_cmdrectask.o
    0x08001148   0x08001148   0x000000c8   Code   RO         1446    i.ConCheckTask      user_measuresendtask.o
    0x08001210   0x08001210   0x0000005c   Code   RO         1184    i.Connect_Check     onenet_mqtt.o
    0x0800126c   0x0800126c   0x0000000c   Code   RO          538    i.DMA1_Channel4_IRQHandler  stm32f1xx_it.o
    0x08001278   0x08001278   0x0000000c   Code   RO          539    i.DMA1_Channel5_IRQHandler  stm32f1xx_it.o
    0x08001284   0x08001284   0x0000002a   Code   RO         1932    i.DMA_SetConfig     stm32f1xx_hal_dma.o
    0x080012ae   0x080012ae   0x00000002   Code   RO          540    i.DebugMon_Handler  stm32f1xx_it.o
    0x080012b0   0x080012b0   0x00000004   Code   RO           13    i.Error_Handler     main.o
    0x080012b4   0x080012b4   0x00000046   Code   RO         1933    i.HAL_DMA_Abort     stm32f1xx_hal_dma.o
    0x080012fa   0x080012fa   0x00000002   PAD
    0x080012fc   0x080012fc   0x00000130   Code   RO         1934    i.HAL_DMA_Abort_IT  stm32f1xx_hal_dma.o
    0x0800142c   0x0800142c   0x00000248   Code   RO         1938    i.HAL_DMA_IRQHandler  stm32f1xx_hal_dma.o
    0x08001674   0x08001674   0x0000007c   Code   RO         1939    i.HAL_DMA_Init      stm32f1xx_hal_dma.o
    0x080016f0   0x080016f0   0x00000070   Code   RO         1943    i.HAL_DMA_Start_IT  stm32f1xx_hal_dma.o
    0x08001760   0x08001760   0x00000024   Code   RO         1561    i.HAL_Delay         stm32f1xx_hal.o
    0x08001784   0x08001784   0x000001f8   Code   RO         1869    i.HAL_GPIO_Init     stm32f1xx_hal_gpio.o
    0x0800197c   0x0800197c   0x0000000a   Code   RO         1871    i.HAL_GPIO_ReadPin  stm32f1xx_hal_gpio.o
    0x08001986   0x08001986   0x00000010   Code   RO         1872    i.HAL_GPIO_TogglePin  stm32f1xx_hal_gpio.o
    0x08001996   0x08001996   0x0000000a   Code   RO         1873    i.HAL_GPIO_WritePin  stm32f1xx_hal_gpio.o
    0x080019a0   0x080019a0   0x0000000c   Code   RO         1565    i.HAL_GetTick       stm32f1xx_hal.o
    0x080019ac   0x080019ac   0x0000005a   Code   RO         2529    i.HAL_IWDG_Init     stm32f1xx_hal_iwdg.o
    0x08001a06   0x08001a06   0x0000000c   Code   RO         2530    i.HAL_IWDG_Refresh  stm32f1xx_hal_iwdg.o
    0x08001a12   0x08001a12   0x00000002   PAD
    0x08001a14   0x08001a14   0x00000010   Code   RO         1571    i.HAL_IncTick       stm32f1xx_hal.o
    0x08001a24   0x08001a24   0x00000024   Code   RO         1572    i.HAL_Init          stm32f1xx_hal.o
    0x08001a48   0x08001a48   0x0000008c   Code   RO          650    i.HAL_InitTick      stm32f1xx_hal_timebase_tim.o
    0x08001ad4   0x08001ad4   0x00000048   Code   RO          626    i.HAL_MspInit       stm32f1xx_hal_msp.o
    0x08001b1c   0x08001b1c   0x0000001a   Code   RO         2029    i.HAL_NVIC_EnableIRQ  stm32f1xx_hal_cortex.o
    0x08001b36   0x08001b36   0x00000002   PAD
    0x08001b38   0x08001b38   0x00000040   Code   RO         2035    i.HAL_NVIC_SetPriority  stm32f1xx_hal_cortex.o
    0x08001b78   0x08001b78   0x00000024   Code   RO         2036    i.HAL_NVIC_SetPriorityGrouping  stm32f1xx_hal_cortex.o
    0x08001b9c   0x08001b9c   0x0000000c   Code   RO         2151    i.HAL_PWR_EnableBkUpAccess  stm32f1xx_hal_pwr.o
    0x08001ba8   0x08001ba8   0x000000d4   Code   RO         1831    i.HAL_RCCEx_GetPeriphCLKFreq  stm32f1xx_hal_rcc_ex.o
    0x08001c7c   0x08001c7c   0x000000ec   Code   RO         1832    i.HAL_RCCEx_PeriphCLKConfig  stm32f1xx_hal_rcc_ex.o
    0x08001d68   0x08001d68   0x0000012c   Code   RO         1729    i.HAL_RCC_ClockConfig  stm32f1xx_hal_rcc.o
    0x08001e94   0x08001e94   0x00000040   Code   RO         1733    i.HAL_RCC_GetClockConfig  stm32f1xx_hal_rcc.o
    0x08001ed4   0x08001ed4   0x00000020   Code   RO         1736    i.HAL_RCC_GetPCLK1Freq  stm32f1xx_hal_rcc.o
    0x08001ef4   0x08001ef4   0x00000020   Code   RO         1737    i.HAL_RCC_GetPCLK2Freq  stm32f1xx_hal_rcc.o
    0x08001f14   0x08001f14   0x0000006c   Code   RO         1738    i.HAL_RCC_GetSysClockFreq  stm32f1xx_hal_rcc.o
    0x08001f80   0x08001f80   0x00000320   Code   RO         1741    i.HAL_RCC_OscConfig  stm32f1xx_hal_rcc.o
    0x080022a0   0x080022a0   0x000000d8   Code   RO         2566    i.HAL_RTC_GetTime   stm32f1xx_hal_rtc.o
    0x08002378   0x08002378   0x000000a0   Code   RO         2567    i.HAL_RTC_Init      stm32f1xx_hal_rtc.o
    0x08002418   0x08002418   0x00000034   Code   RO          438    i.HAL_RTC_MspInit   rtc.o
    0x0800244c   0x0800244c   0x000000c4   Code   RO         2573    i.HAL_RTC_SetDate   stm32f1xx_hal_rtc.o
    0x08002510   0x08002510   0x000000ac   Code   RO         2574    i.HAL_RTC_SetTime   stm32f1xx_hal_rtc.o
    0x080025bc   0x080025bc   0x0000003a   Code   RO         2575    i.HAL_RTC_WaitForSynchro  stm32f1xx_hal_rtc.o
    0x080025f6   0x080025f6   0x00000002   Code   RO         3537    i.HAL_TIMEx_BreakCallback  stm32f1xx_hal_tim_ex.o
    0x080025f8   0x080025f8   0x00000002   Code   RO         3538    i.HAL_TIMEx_CommutCallback  stm32f1xx_hal_tim_ex.o
    0x080025fa   0x080025fa   0x0000005a   Code   RO         2833    i.HAL_TIM_Base_Init  stm32f1xx_hal_tim.o
    0x08002654   0x08002654   0x00000002   Code   RO         2835    i.HAL_TIM_Base_MspInit  stm32f1xx_hal_tim.o
    0x08002656   0x08002656   0x00000002   PAD
    0x08002658   0x08002658   0x0000006c   Code   RO         2838    i.HAL_TIM_Base_Start_IT  stm32f1xx_hal_tim.o
    0x080026c4   0x080026c4   0x00000002   Code   RO         2867    i.HAL_TIM_IC_CaptureCallback  stm32f1xx_hal_tim.o
    0x080026c6   0x080026c6   0x00000166   Code   RO         2881    i.HAL_TIM_IRQHandler  stm32f1xx_hal_tim.o
    0x0800282c   0x0800282c   0x00000002   Code   RO         2884    i.HAL_TIM_OC_DelayElapsedCallback  stm32f1xx_hal_tim.o
    0x0800282e   0x0800282e   0x00000002   Code   RO         2911    i.HAL_TIM_PWM_PulseFinishedCallback  stm32f1xx_hal_tim.o
    0x08002830   0x08002830   0x00000014   Code   RO           14    i.HAL_TIM_PeriodElapsedCallback  main.o
    0x08002844   0x08002844   0x00000002   Code   RO         2924    i.HAL_TIM_TriggerCallback  stm32f1xx_hal_tim.o
    0x08002846   0x08002846   0x00000002   Code   RO         3815    i.HAL_UARTEx_RxEventCallback  stm32f1xx_hal_uart.o
    0x08002848   0x08002848   0x00000058   Code   RO         3827    i.HAL_UART_DMAStop  stm32f1xx_hal_uart.o
    0x080028a0   0x080028a0   0x00000002   Code   RO         3829    i.HAL_UART_ErrorCallback  stm32f1xx_hal_uart.o
    0x080028a2   0x080028a2   0x00000002   PAD
    0x080028a4   0x080028a4   0x0000020c   Code   RO         3832    i.HAL_UART_IRQHandler  stm32f1xx_hal_uart.o
    0x08002ab0   0x08002ab0   0x00000062   Code   RO         3833    i.HAL_UART_Init     stm32f1xx_hal_uart.o
    0x08002b12   0x08002b12   0x00000002   PAD
    0x08002b14   0x08002b14   0x000000dc   Code   RO          486    i.HAL_UART_MspInit  usart.o
    0x08002bf0   0x08002bf0   0x0000002a   Code   RO         3837    i.HAL_UART_Receive_DMA  stm32f1xx_hal_uart.o
    0x08002c1a   0x08002c1a   0x00000002   Code   RO         3839    i.HAL_UART_RxCpltCallback  stm32f1xx_hal_uart.o
    0x08002c1c   0x08002c1c   0x00000002   Code   RO         3840    i.HAL_UART_RxHalfCpltCallback  stm32f1xx_hal_uart.o
    0x08002c1e   0x08002c1e   0x00000002   PAD
    0x08002c20   0x08002c20   0x000000b2   Code   RO         3841    i.HAL_UART_Transmit  stm32f1xx_hal_uart.o
    0x08002cd2   0x08002cd2   0x00000002   Code   RO         3844    i.HAL_UART_TxCpltCallback  stm32f1xx_hal_uart.o
    0x08002cd4   0x08002cd4   0x00000002   Code   RO          541    i.HardFault_Handler  stm32f1xx_it.o
    0x08002cd6   0x08002cd6   0x00000002   PAD
    0x08002cd8   0x08002cd8   0x000002ec   Code   RO         1389    i.HardwaresInitTask  user_hardwaresinittask.o
    0x08002fc4   0x08002fc4   0x00000032   Code   RO          884    i.IICInit           iic_hal.o
    0x08002ff6   0x08002ff6   0x0000004e   Code   RO          885    i.IICReceiveByte    iic_hal.o
    0x08003044   0x08003044   0x00000030   Code   RO          886    i.IICSendAck        iic_hal.o
    0x08003074   0x08003074   0x00000058   Code   RO          887    i.IICSendByte       iic_hal.o
    0x080030cc   0x080030cc   0x00000030   Code   RO          888    i.IICSendNotAck     iic_hal.o
    0x080030fc   0x080030fc   0x0000003e   Code   RO          889    i.IICStart          iic_hal.o
    0x0800313a   0x0800313a   0x0000003e   Code   RO          890    i.IICStop           iic_hal.o
    0x08003178   0x08003178   0x00000052   Code   RO          891    i.IICWaitAck        iic_hal.o
    0x080031ca   0x080031ca   0x00000002   PAD
    0x080031cc   0x080031cc   0x00000088   Code   RO          892    i.IIC_Read_Multi_Byte  iic_hal.o
    0x08003254   0x08003254   0x0000005c   Code   RO          893    i.IIC_Read_One_Byte  iic_hal.o
    0x080032b0   0x080032b0   0x00000068   Code   RO          894    i.IIC_Write_Multi_Byte  iic_hal.o
    0x08003318   0x08003318   0x0000005a   Code   RO          895    i.IIC_Write_One_Byte  iic_hal.o
    0x08003372   0x08003372   0x00000002   PAD
    0x08003374   0x08003374   0x0000007c   Code   RO         1003    i.KeyScan           key.o
    0x080033f0   0x080033f0   0x00000040   Code   RO         1349    i.KeyTask           user_keytask.o
    0x08003430   0x08003430   0x0000003c   Code   RO         1004    i.Key_Port_Init     key.o
    0x0800346c   0x0800346c   0x00000042   Code   RO          826    i.LCD_Address_Set   lcd_init.o
    0x080034ae   0x080034ae   0x00000016   Code   RO          692    i.LCD_DrawPoint     lcd.o
    0x080034c4   0x080034c4   0x0000003e   Code   RO          694    i.LCD_Fill          lcd.o
    0x08003502   0x08003502   0x00000002   PAD
    0x08003504   0x08003504   0x00000048   Code   RO          827    i.LCD_GPIO_Init     lcd_init.o
    0x0800354c   0x0800354c   0x000001b0   Code   RO          828    i.LCD_Init          lcd_init.o
    0x080036fc   0x080036fc   0x0000010c   Code   RO          695    i.LCD_ShowChar      lcd.o
    0x08003808   0x08003808   0x0000003a   Code   RO          704    i.LCD_ShowString    lcd.o
    0x08003842   0x08003842   0x00000014   Code   RO          829    i.LCD_WR_DATA       lcd_init.o
    0x08003856   0x08003856   0x00000002   PAD
    0x08003858   0x08003858   0x00000028   Code   RO          831    i.LCD_WR_REG        lcd_init.o
    0x08003880   0x08003880   0x00000058   Code   RO          832    i.LCD_Writ_Bus      lcd_init.o
    0x080038d8   0x080038d8   0x00000020   Code   RO         1284    i.LEDTask           user_tasksinit.o
    0x080038f8   0x080038f8   0x00000074   Code   RO         1085    i.MAX44009_Init     max44009.o
    0x0800396c   0x0800396c   0x00000040   Code   RO         1086    i.MAX_Measure       max44009.o
    0x080039ac   0x080039ac   0x00000010   Code   RO         1087    i.MAX_ReadOneReg    max44009.o
    0x080039bc   0x080039bc   0x00000010   Code   RO         1088    i.MAX_WriteOneReg   max44009.o
    0x080039cc   0x080039cc   0x0000003c   Code   RO          380    i.MX_DMA_Init       dma.o
    0x08003a08   0x08003a08   0x00000060   Code   RO          205    i.MX_GPIO_Init      gpio.o
    0x08003a68   0x08003a68   0x0000002c   Code   RO          407    i.MX_IWDG_Init      iwdg.o
    0x08003a94   0x08003a94   0x0000006c   Code   RO          439    i.MX_RTC_Init       rtc.o
    0x08003b00   0x08003b00   0x00000038   Code   RO          487    i.MX_USART1_UART_Init  usart.o
    0x08003b38   0x08003b38   0x00000134   Code   RO         1447    i.MeasureSendTask   user_measuresendtask.o
    0x08003c6c   0x08003c6c   0x00000002   Code   RO          542    i.MemManage_Handler  stm32f1xx_it.o
    0x08003c6e   0x08003c6e   0x00000002   Code   RO          543    i.NMI_Handler       stm32f1xx_it.o
    0x08003c70   0x08003c70   0x00000012   Code   RO         2576    i.RTC_Bcd2ToByte    stm32f1xx_hal_rtc.o
    0x08003c82   0x08003c82   0x00000016   Code   RO         2577    i.RTC_ByteToBcd2    stm32f1xx_hal_rtc.o
    0x08003c98   0x08003c98   0x000000ae   Code   RO         2578    i.RTC_DateUpdate    stm32f1xx_hal_rtc.o
    0x08003d46   0x08003d46   0x00000034   Code   RO         2579    i.RTC_EnterInitMode  stm32f1xx_hal_rtc.o
    0x08003d7a   0x08003d7a   0x00000002   PAD
    0x08003d7c   0x08003d7c   0x00000036   Code   RO         2580    i.RTC_ExitInitMode  stm32f1xx_hal_rtc.o
    0x08003db2   0x08003db2   0x0000000e   Code   RO         2581    i.RTC_ReadAlarmCounter  stm32f1xx_hal_rtc.o
    0x08003dc0   0x08003dc0   0x00000020   Code   RO         2582    i.RTC_ReadTimeCounter  stm32f1xx_hal_rtc.o
    0x08003de0   0x08003de0   0x0000002c   Code   RO          440    i.RTC_SetTime       rtc.o
    0x08003e0c   0x08003e0c   0x00000056   Code   RO         2583    i.RTC_WeekDayNum    stm32f1xx_hal_rtc.o
    0x08003e62   0x08003e62   0x00000028   Code   RO         2584    i.RTC_WriteAlarmCounter  stm32f1xx_hal_rtc.o
    0x08003e8a   0x08003e8a   0x00000028   Code   RO         2585    i.RTC_WriteTimeCounter  stm32f1xx_hal_rtc.o
    0x08003eb2   0x08003eb2   0x00000012   Code   RO          896    i.SCL_Output        iic_hal.o
    0x08003ec4   0x08003ec4   0x00000012   Code   RO          897    i.SDA_Input         iic_hal.o
    0x08003ed6   0x08003ed6   0x00000022   Code   RO          898    i.SDA_Input_Mode    iic_hal.o
    0x08003ef8   0x08003ef8   0x00000012   Code   RO          899    i.SDA_Output        iic_hal.o
    0x08003f0a   0x08003f0a   0x00000022   Code   RO          900    i.SDA_Output_Mode   iic_hal.o
    0x08003f2c   0x08003f2c   0x0000002c   Code   RO         5727    i.SysTick_Handler   port.o
    0x08003f58   0x08003f58   0x0000007c   Code   RO           15    i.SystemClock_Config  main.o
    0x08003fd4   0x08003fd4   0x00000002   Code   RO         4162    i.SystemInit        system_stm32f1xx.o
    0x08003fd6   0x08003fd6   0x00000002   PAD
    0x08003fd8   0x08003fd8   0x0000000c   Code   RO          544    i.TIM1_UP_IRQHandler  stm32f1xx_it.o
    0x08003fe4   0x08003fe4   0x0000008c   Code   RO         2926    i.TIM_Base_SetConfig  stm32f1xx_hal_tim.o
    0x08004070   0x08004070   0x00000010   Code   RO         3846    i.UART_DMAAbortOnError  stm32f1xx_hal_uart.o
    0x08004080   0x08004080   0x0000004a   Code   RO         3847    i.UART_DMAError     stm32f1xx_hal_uart.o
    0x080040ca   0x080040ca   0x0000005a   Code   RO         3848    i.UART_DMAReceiveCplt  stm32f1xx_hal_uart.o
    0x08004124   0x08004124   0x0000001a   Code   RO         3850    i.UART_DMARxHalfCplt  stm32f1xx_hal_uart.o
    0x0800413e   0x0800413e   0x00000030   Code   RO         3856    i.UART_EndRxTransfer  stm32f1xx_hal_uart.o
    0x0800416e   0x0800416e   0x00000012   Code   RO         3857    i.UART_EndTxTransfer  stm32f1xx_hal_uart.o
    0x08004180   0x08004180   0x000000b6   Code   RO         3858    i.UART_Receive_IT   stm32f1xx_hal_uart.o
    0x08004236   0x08004236   0x00000002   PAD
    0x08004238   0x08004238   0x000000b8   Code   RO         3859    i.UART_SetConfig    stm32f1xx_hal_uart.o
    0x080042f0   0x080042f0   0x00000070   Code   RO         3860    i.UART_Start_Receive_DMA  stm32f1xx_hal_uart.o
    0x08004360   0x08004360   0x00000064   Code   RO         3862    i.UART_WaitOnFlagUntilTimeout  stm32f1xx_hal_uart.o
    0x080043c4   0x080043c4   0x00000060   Code   RO          545    i.USART1_IRQHandler  stm32f1xx_it.o
    0x08004424   0x08004424   0x00000002   Code   RO          546    i.UsageFault_Handler  stm32f1xx_it.o
    0x08004426   0x08004426   0x00000002   PAD
    0x08004428   0x08004428   0x00000098   Code   RO         1285    i.User_Tasks_Init   user_tasksinit.o
    0x080044c0   0x080044c0   0x00000018   Code   RO         1286    i.WDOGFeedTask      user_tasksinit.o
    0x080044d8   0x080044d8   0x00000020   Code   RO         6059    i.__0printf         mc_w.l(printfa.o)
    0x080044f8   0x080044f8   0x00000028   Code   RO         6061    i.__0sprintf        mc_w.l(printfa.o)
    0x08004520   0x08004520   0x00000020   Code   RO         2042    i.__NVIC_SetPriority  stm32f1xx_hal_cortex.o
    0x08004540   0x08004540   0x0000000e   Code   RO         6149    i.__scatterload_copy  mc_w.l(handlers.o)
    0x0800454e   0x0800454e   0x00000002   Code   RO         6150    i.__scatterload_null  mc_w.l(handlers.o)
    0x08004550   0x08004550   0x0000000e   Code   RO         6151    i.__scatterload_zeroinit  mc_w.l(handlers.o)
    0x0800455e   0x0800455e   0x00000002   PAD
    0x08004560   0x08004560   0x00000184   Code   RO         6066    i._fp_digits        mc_w.l(printfa.o)
    0x080046e4   0x080046e4   0x000006b4   Code   RO         6067    i._printf_core      mc_w.l(printfa.o)
    0x08004d98   0x08004d98   0x00000024   Code   RO         6068    i._printf_post_padding  mc_w.l(printfa.o)
    0x08004dbc   0x08004dbc   0x0000002e   Code   RO         6069    i._printf_pre_padding  mc_w.l(printfa.o)
    0x08004dea   0x08004dea   0x0000000a   Code   RO         6071    i._sputc            mc_w.l(printfa.o)
    0x08004df4   0x08004df4   0x0000001a   Code   RO         1243    i.delay_ms          delay.o
    0x08004e0e   0x08004e0e   0x0000002c   Code   RO         1244    i.delay_us          delay.o
    0x08004e3a   0x08004e3a   0x00000002   PAD
    0x08004e3c   0x08004e3c   0x00000018   Code   RO          488    i.fputc             usart.o
    0x08004e54   0x08004e54   0x00000044   Code   RO           16    i.main              main.o
    0x08004e98   0x08004e98   0x00000054   Code   RO         1185    i.onenet_CmdResponse_MPUB  onenet_mqtt.o
    0x08004eec   0x08004eec   0x00000050   Code   RO         1186    i.onenet_Data_MPUB  onenet_mqtt.o
    0x08004f3c   0x08004f3c   0x000000c8   Code   RO         1187    i.onenet_MQTTConnect  onenet_mqtt.o
    0x08005004   0x08005004   0x00000024   Code   RO         1188    i.onenet_TCPDisConnect  onenet_mqtt.o
    0x08005028   0x08005028   0x00000034   Code   RO         5259    i.osDelay           cmsis_os2.o
    0x0800505c   0x0800505c   0x00000038   Code   RO         5273    i.osKernelInitialize  cmsis_os2.o
    0x08005094   0x08005094   0x00000040   Code   RO         5276    i.osKernelStart     cmsis_os2.o
    0x080050d4   0x080050d4   0x0000007c   Code   RO         5279    i.osMessageQueueGet  cmsis_os2.o
    0x08005150   0x08005150   0x00000074   Code   RO         5284    i.osMessageQueueNew  cmsis_os2.o
    0x080051c4   0x080051c4   0x00000080   Code   RO         5285    i.osMessageQueuePut  cmsis_os2.o
    0x08005244   0x08005244   0x000000a4   Code   RO         5310    i.osThreadNew       cmsis_os2.o
    0x080052e8   0x080052e8   0x0000005c   Code   RO         4755    i.prvAddCurrentTaskToDelayedList  tasks.o
    0x08005344   0x08005344   0x000000d0   Code   RO         4756    i.prvAddNewTaskToReadyList  tasks.o
    0x08005414   0x08005414   0x00000058   Code   RO         5105    i.prvCheckForValidListAndQueue  timers.o
    0x0800546c   0x0800546c   0x00000026   Code   RO         4367    i.prvCopyDataFromQueue  queue.o
    0x08005492   0x08005492   0x0000006c   Code   RO         4368    i.prvCopyDataToQueue  queue.o
    0x080054fe   0x080054fe   0x00000034   Code   RO         4757    i.prvDeleteTCB      tasks.o
    0x08005532   0x08005532   0x00000002   PAD
    0x08005534   0x08005534   0x0000004c   Code   RO         5677    i.prvHeapInit       heap_4.o
    0x08005580   0x08005580   0x00000060   Code   RO         4758    i.prvIdleTask       tasks.o
    0x080055e0   0x080055e0   0x00000022   Code   RO         4370    i.prvInitialiseNewQueue  queue.o
    0x08005602   0x08005602   0x0000009c   Code   RO         4759    i.prvInitialiseNewTask  tasks.o
    0x0800569e   0x0800569e   0x00000002   PAD
    0x080056a0   0x080056a0   0x0000004c   Code   RO         5678    i.prvInsertBlockIntoFreeList  heap_4.o
    0x080056ec   0x080056ec   0x00000038   Code   RO         5107    i.prvInsertTimerInActiveList  timers.o
    0x08005724   0x08005724   0x0000001c   Code   RO         4371    i.prvIsQueueEmpty   queue.o
    0x08005740   0x08005740   0x000000cc   Code   RO         5108    i.prvProcessReceivedCommands  timers.o
    0x0800580c   0x0800580c   0x000000b4   Code   RO         5109    i.prvProcessTimerOrBlockTask  timers.o
    0x080058c0   0x080058c0   0x00000020   Code   RO         4761    i.prvResetNextTaskUnblockTime  tasks.o
    0x080058e0   0x080058e0   0x00000028   Code   RO         5110    i.prvSampleTimeNow  timers.o
    0x08005908   0x08005908   0x0000006c   Code   RO         5111    i.prvSwitchTimerLists  timers.o
    0x08005974   0x08005974   0x00000028   Code   RO         5728    i.prvTaskExitError  port.o
    0x0800599c   0x0800599c   0x00000024   Code   RO         5112    i.prvTimerTask      timers.o
    0x080059c0   0x080059c0   0x0000006a   Code   RO         4372    i.prvUnlockQueue    queue.o
    0x08005a2a   0x08005a2a   0x00000002   PAD
    0x08005a2c   0x08005a2c   0x000000d8   Code   RO         5679    i.pvPortMalloc      heap_4.o
    0x08005b04   0x08005b04   0x00000024   Code   RO         5729    i.pxPortInitialiseStack  port.o
    0x08005b28   0x08005b28   0x00000026   Code   RO         4327    i.uxListRemove      list.o
    0x08005b4e   0x08005b4e   0x00000002   PAD
    0x08005b50   0x08005b50   0x00000014   Code   RO         5322    i.vApplicationGetIdleTaskMemory  cmsis_os2.o
    0x08005b64   0x08005b64   0x00000018   Code   RO         5323    i.vApplicationGetTimerTaskMemory  cmsis_os2.o
    0x08005b7c   0x08005b7c   0x00000016   Code   RO         4328    i.vListInitialise   list.o
    0x08005b92   0x08005b92   0x00000006   Code   RO         4329    i.vListInitialiseItem  list.o
    0x08005b98   0x08005b98   0x00000030   Code   RO         4330    i.vListInsert       list.o
    0x08005bc8   0x08005bc8   0x00000018   Code   RO         4331    i.vListInsertEnd    list.o
    0x08005be0   0x08005be0   0x00000040   Code   RO         5731    i.vPortEnterCritical  port.o
    0x08005c20   0x08005c20   0x00000028   Code   RO         5732    i.vPortExitCritical  port.o
    0x08005c48   0x08005c48   0x0000005c   Code   RO         5680    i.vPortFree         heap_4.o
    0x08005ca4   0x08005ca4   0x00000024   Code   RO         5733    i.vPortSetupTimerInterrupt  port.o
    0x08005cc8   0x08005cc8   0x00000054   Code   RO         5734    i.vPortValidateInterruptPriority  port.o
    0x08005d1c   0x08005d1c   0x00000028   Code   RO         4378    i.vQueueAddToRegistry  queue.o
    0x08005d44   0x08005d44   0x00000044   Code   RO         4382    i.vQueueWaitForMessageRestricted  queue.o
    0x08005d88   0x08005d88   0x0000004c   Code   RO         4773    i.vTaskDelay        tasks.o
    0x08005dd4   0x08005dd4   0x00000090   Code   RO         4775    i.vTaskDelete       tasks.o
    0x08005e64   0x08005e64   0x00000010   Code   RO         4778    i.vTaskInternalSetTimeOutState  tasks.o
    0x08005e74   0x08005e74   0x0000000c   Code   RO         4779    i.vTaskMissedYield  tasks.o
    0x08005e80   0x08005e80   0x00000030   Code   RO         4781    i.vTaskPlaceOnEventList  tasks.o
    0x08005eb0   0x08005eb0   0x00000038   Code   RO         4782    i.vTaskPlaceOnEventListRestricted  tasks.o
    0x08005ee8   0x08005ee8   0x00000088   Code   RO         4790    i.vTaskStartScheduler  tasks.o
    0x08005f70   0x08005f70   0x00000010   Code   RO         4792    i.vTaskSuspendAll   tasks.o
    0x08005f80   0x08005f80   0x00000064   Code   RO         4793    i.vTaskSwitchContext  tasks.o
    0x08005fe4   0x08005fe4   0x000000a8   Code   RO         5735    i.xPortStartScheduler  port.o
    0x0800608c   0x0800608c   0x00000048   Code   RO         4387    i.xQueueGenericCreate  queue.o
    0x080060d4   0x080060d4   0x00000066   Code   RO         4388    i.xQueueGenericCreateStatic  queue.o
    0x0800613a   0x0800613a   0x00000002   PAD
    0x0800613c   0x0800613c   0x00000088   Code   RO         4389    i.xQueueGenericReset  queue.o
    0x080061c4   0x080061c4   0x00000160   Code   RO         4390    i.xQueueGenericSend  queue.o
    0x08006324   0x08006324   0x000000bc   Code   RO         4391    i.xQueueGenericSendFromISR  queue.o
    0x080063e0   0x080063e0   0x00000138   Code   RO         4400    i.xQueueReceive     queue.o
    0x08006518   0x08006518   0x0000009a   Code   RO         4401    i.xQueueReceiveFromISR  queue.o
    0x080065b2   0x080065b2   0x00000002   PAD
    0x080065b4   0x080065b4   0x00000074   Code   RO         4794    i.xTaskCheckForTimeOut  tasks.o
    0x08006628   0x08006628   0x0000005a   Code   RO         4795    i.xTaskCreate       tasks.o
    0x08006682   0x08006682   0x00000056   Code   RO         4796    i.xTaskCreateStatic  tasks.o
    0x080066d8   0x080066d8   0x0000001c   Code   RO         4800    i.xTaskGetSchedulerState  tasks.o
    0x080066f4   0x080066f4   0x0000000c   Code   RO         4801    i.xTaskGetTickCount  tasks.o
    0x08006700   0x08006700   0x000000c8   Code   RO         4803    i.xTaskIncrementTick  tasks.o
    0x080067c8   0x080067c8   0x00000080   Code   RO         4806    i.xTaskPriorityDisinherit  tasks.o
    0x08006848   0x08006848   0x00000070   Code   RO         4808    i.xTaskRemoveFromEventList  tasks.o
    0x080068b8   0x080068b8   0x000000c4   Code   RO         4809    i.xTaskResumeAll    tasks.o
    0x0800697c   0x0800697c   0x00000060   Code   RO         5119    i.xTimerCreateTimerTask  timers.o
    0x080069dc   0x080069dc   0x00000068   Code   RO         5120    i.xTimerGenericCommand  timers.o
    0x08006a44   0x08006a44   0x0000391c   Data   RO          706    .constdata          lcd.o
    0x0800a360   0x0800a360   0x000000fc   Data   RO         1288    .constdata          user_tasksinit.o
    0x0800a45c   0x0800a45c   0x00000010   Data   RO         4163    .constdata          system_stm32f1xx.o
    0x0800a46c   0x0800a46c   0x00000008   Data   RO         4164    .constdata          system_stm32f1xx.o
    0x0800a474   0x0800a474   0x000000b3   Data   RO         1189    .conststring        onenet_mqtt.o
    0x0800a527   0x0800a527   0x00000001   PAD
    0x0800a528   0x0800a528   0x0000005c   Data   RO         1289    .conststring        user_tasksinit.o
    0x0800a584   0x0800a584   0x00000020   Data   RO         6147    Region$$Table       anon$$obj.o


    Execution Region RW_IRAM1 (Exec base: 0x20000000, Load base: 0x0800a5a4, Size: 0x00003be0, Max: 0x0000c000, ABSOLUTE)

    Exec Addr    Load Addr    Size         Type   Attr      Idx    E Section Name        Object

    0x20000000   0x0800a5a4   0x00000001   Data   RW          548    .data               stm32f1xx_it.o
    0x20000001   0x0800a5a5   0x00000001   Data   RW         1005    .data               key.o
    0x20000002   0x0800a5a6   0x00000002   PAD
    0x20000004   0x0800a5a8   0x0000000c   Data   RW         1043    .data               bl24c02.o
    0x20000010   0x0800a5b4   0x0000000c   Data   RW         1089    .data               max44009.o
    0x2000001c   0x0800a5c0   0x00000014   Data   RW         1190    .data               onenet_mqtt.o
    0x20000030   0x0800a5d4   0x00000020   Data   RW         1291    .data               user_tasksinit.o
    0x20000050   0x0800a5f4   0x00000008   Data   RW         1477    .data               user_cmdrectask.o
    0x20000058   0x0800a5fc   0x0000000c   Data   RW         1579    .data               stm32f1xx_hal.o
    0x20000064   0x0800a608   0x00000004   Data   RW         4165    .data               system_stm32f1xx.o
    0x20000068   0x0800a60c   0x0000003c   Data   RW         4812    .data               tasks.o
    0x200000a4   0x0800a648   0x00000014   Data   RW         5128    .data               timers.o
    0x200000b8   0x0800a65c   0x00000004   Data   RW         5325    .data               cmsis_os2.o
    0x200000bc   0x0800a660   0x00000018   Data   RW         5685    .data               heap_4.o
    0x200000d4   0x0800a678   0x0000000c   Data   RW         5736    .data               port.o
    0x200000e0   0x0800a684   0x00000004   Data   RW         5819    .data               mc_w.l(strtok.o)
    0x200000e4   0x0800a688   0x00000004   Data   RW         6125    .data               mc_w.l(stdout.o)
    0x200000e8        -       0x0000000c   Zero   RW          408    .bss                iwdg.o
    0x200000f4        -       0x00000014   Zero   RW          441    .bss                rtc.o
    0x20000108        -       0x000000cc   Zero   RW          489    .bss                usart.o
    0x200001d4        -       0x000000f0   Zero   RW          547    .bss                stm32f1xx_it.o
    0x200002c4        -       0x00000048   Zero   RW          653    .bss                stm32f1xx_hal_timebase_tim.o
    0x2000030c        -       0x00000040   Zero   RW         4404    .bss                queue.o
    0x2000034c        -       0x000004c4   Zero   RW         4811    .bss                tasks.o
    0x20000810        -       0x00000118   Zero   RW         5127    .bss                timers.o
    0x20000928        -       0x000006b8   Zero   RW         5324    .bss                cmsis_os2.o
    0x20000fe0        -       0x00002800   Zero   RW         5684    .bss                heap_4.o
    0x200037e0        -       0x00000400   Zero   RW            1    STACK               startup_stm32f103xe.o


==============================================================================

Image component sizes


      Code (inc. data)   RO Data    RW Data    ZI Data      Debug   Object Name

       680        326          0          0          0       1879   air724ug.o
        84         20          0         12          0       2895   bl24c02.o
       748         54          0          4       1720      14478   cmsis_os2.o
        70          0          0          0          0       2030   delay.o
        60          4          0          0          0        842   dma.o
         0          0          0          0          0      20448   event_groups.o
         0          0          0          0          0       2688   freertos.o
        96         10          0          0          0     489259   gpio.o
       460         24          0         24      10240       4947   heap_4.o
      1062          0          0          0          0      12115   iic_hal.o
        44          8          0          0         12        783   iwdg.o
       184         18          0          1          0       1902   key.o
       410         16      14620          0          0       6127   lcd.o
       718         24          0          0          0       5770   lcd_init.o
       138          0          0          0          0       3678   list.o
       216         14          0          0          0     499304   main.o
       212         30          0         12          0       3222   max44009.o
       492        300        179         20          0       3970   onenet_mqtt.o
       662         70          0         12          0      11341   port.o
      1738         20          0          0         64      20141   queue.o
       204         26          0          0         20       2385   rtc.o
        36          8        304          0       1024        840   startup_stm32f103xe.o
       100         18          0         12          0       6122   stm32f1xx_hal.o
       158         14          0          0          0      28382   stm32f1xx_hal_cortex.o
      1236         52          0          0          0       5386   stm32f1xx_hal_dma.o
       540         42          0          0          0       4328   stm32f1xx_hal_gpio.o
       102          0          0          0          0       1947   stm32f1xx_hal_iwdg.o
        72         10          0          0          0        946   stm32f1xx_hal_msp.o
        12          4          0          0          0        551   stm32f1xx_hal_pwr.o
      1336        110          0          0          0       6085   stm32f1xx_hal_rcc.o
       448         44          0          0          0       2681   stm32f1xx_hal_rcc_ex.o
      1334         14          0          0          0      12518   stm32f1xx_hal_rtc.o
       706         40          0          0          0       7428   stm32f1xx_hal_tim.o
         4          0          0          0          0       1661   stm32f1xx_hal_tim_ex.o
       140         22          0          0         72       1535   stm32f1xx_hal_timebase_tim.o
      1790         24          0          0          0      15465   stm32f1xx_hal_uart.o
       144         32          0          1        240       5905   stm32f1xx_it.o
         0          0          0          0          0       8560   stream_buffer.o
         2          0         24          4          0       1227   system_stm32f1xx.o
      2208        184          0         60       1220      25238   tasks.o
       912         82          0         20        280      26675   timers.o
       300         34          0          0        204       3896   usart.o
       872        138          0          8          0       2057   user_cmdrectask.o
       748        220          0          0          0        932   user_hardwaresinittask.o
        64          4          0          0          0       4378   user_keytask.o
       508        192          0          0          0       1313   user_measuresendtask.o
       208         50        344         32          0       3355   user_tasksinit.o

    ----------------------------------------------------------------------
     22308       2302      15504        224      15096    1289615   Object Totals
         0          0         32          0          0          0   (incl. Generated)
        50          0          1          2          0          0   (incl. Padding)

    ----------------------------------------------------------------------

      Code (inc. data)   RO Data    RW Data    ZI Data      Debug   Library Member Name

         0          0          0          0          0          0   entry.o
         0          0          0          0          0          0   entry10a.o
         0          0          0          0          0          0   entry11a.o
         4          0          0          0          0          0   entry12b.o
         8          4          0          0          0          0   entry2.o
         4          0          0          0          0          0   entry5.o
         0          0          0          0          0          0   entry7b.o
         0          0          0          0          0          0   entry8b.o
         8          4          0          0          0          0   entry9a.o
        30          0          0          0          0          0   handlers.o
        36          8          0          0          0         68   init.o
         0          0          0          0          0          0   iusefp.o
        30          0          0          0          0         68   llshl.o
        36          0          0          0          0         68   llsshr.o
        32          0          0          0          0         68   llushr.o
        36          0          0          0          0         68   memcpya.o
        36          0          0          0          0        108   memseta.o
      2268         96          0          0          0        616   printfa.o
         0          0          0          4          0          0   stdout.o
        28          0          0          0          0         76   strcmp.o
        18          0          0          0          0         68   strcpy.o
        68          6          0          4          0         80   strtok.o
        44          0          0          0          0         80   uidiv.o
        98          0          0          0          0         92   uldiv.o
        48          0          0          0          0         68   cdrcmple.o
        56          0          0          0          0         88   d2f.o
       334          0          0          0          0        148   dadd.o
       222          0          0          0          0        100   ddiv.o
       186          0          0          0          0        176   depilogue.o
        48          0          0          0          0         68   dfixul.o
        26          0          0          0          0         76   dfltui.o
       228          0          0          0          0         96   dmul.o
        38          0          0          0          0         68   f2d.o
       176          0          0          0          0        140   fadd.o
       124          0          0          0          0         88   fdiv.o
       110          0          0          0          0        168   fepilogue.o
        50          0          0          0          0         68   ffixi.o
        40          0          0          0          0         68   ffixui.o
        18          0          0          0          0         68   fflti.o
       100          0          0          0          0         76   fmul.o

    ----------------------------------------------------------------------
      4592        118          0          8          0       3024   Library Totals
         4          0          0          0          0          0   (incl. Padding)

    ----------------------------------------------------------------------

      Code (inc. data)   RO Data    RW Data    ZI Data      Debug   Library Name

      2784        118          0          8          0       1460   mc_w.l
      1804          0          0          0          0       1564   mf_w.l

    ----------------------------------------------------------------------
      4592        118          0          8          0       3024   Library Totals

    ----------------------------------------------------------------------

==============================================================================


      Code (inc. data)   RO Data    RW Data    ZI Data      Debug   

     26900       2420      15504        232      15096    1279375   Grand Totals
     26900       2420      15504        232      15096    1279375   ELF Image Totals
     26900       2420      15504        232          0          0   ROM Totals

==============================================================================

    Total RO  Size (Code + RO Data)                42404 (  41.41kB)
    Total RW  Size (RW Data + ZI Data)             15328 (  14.97kB)
    Total ROM Size (Code + RO Data + RW Data)      42636 (  41.64kB)

==============================================================================

